<?xml version="1.0" encoding="ISO-8859-1" ?>
<link_info>
   <banner>MSP430 Linker PC v18.1.4.LTS</banner>
   <copyright>Copyright (c) 2003-2018 Texas Instruments Incorporated</copyright>
   <link_time>0x5ccd2f80</link_time>
   <link_errors>0x0</link_errors>
   <output_file>feiKong_011.out</output_file>
   <entry_point>
      <name>_c_int00_noargs</name>
      <address>0x44fa</address>
   </entry_point>
   <input_file_list>
      <input_file id="fl-2">
         <path>.\</path>
         <kind>object</kind>
         <file>main.obj</file>
         <name>main.obj</name>
      </input_file>
      <input_file id="fl-3">
         <path>.\Communication\</path>
         <kind>object</kind>
         <file>ZKHD_Link.obj</file>
         <name>ZKHD_Link.obj</name>
      </input_file>
      <input_file id="fl-4">
         <path>.\Communication\</path>
         <kind>object</kind>
         <file>communication.obj</file>
         <name>communication.obj</name>
      </input_file>
      <input_file id="fl-5">
         <path>.\Control\</path>
         <kind>object</kind>
         <file>Init.obj</file>
         <name>Init.obj</name>
      </input_file>
      <input_file id="fl-6">
         <path>.\Control\</path>
         <kind>object</kind>
         <file>control.obj</file>
         <name>control.obj</name>
      </input_file>
      <input_file id="fl-7">
         <path>.\Control\</path>
         <kind>object</kind>
         <file>height_control.obj</file>
         <name>height_control.obj</name>
      </input_file>
      <input_file id="fl-8">
         <path>.\Control\</path>
         <kind>object</kind>
         <file>kernel.obj</file>
         <name>kernel.obj</name>
      </input_file>
      <input_file id="fl-9">
         <path>.\Control\</path>
         <kind>object</kind>
         <file>remote.obj</file>
         <name>remote.obj</name>
      </input_file>
      <input_file id="fl-a">
         <path>.\Control\</path>
         <kind>object</kind>
         <file>speed_estimator.obj</file>
         <name>speed_estimator.obj</name>
      </input_file>
      <input_file id="fl-b">
         <path>.\DataBase\</path>
         <kind>object</kind>
         <file>queue.obj</file>
         <name>queue.obj</name>
      </input_file>
      <input_file id="fl-c">
         <path>.\GCS\</path>
         <kind>object</kind>
         <file>gcs.obj</file>
         <name>gcs.obj</name>
      </input_file>
      <input_file id="fl-d">
         <path>.\HardWare\</path>
         <kind>object</kind>
         <file>LED.obj</file>
         <name>LED.obj</name>
      </input_file>
      <input_file id="fl-e">
         <path>.\HardWare\</path>
         <kind>object</kind>
         <file>SPL06.obj</file>
         <name>SPL06.obj</name>
      </input_file>
      <input_file id="fl-f">
         <path>.\HardWare\</path>
         <kind>object</kind>
         <file>motor.obj</file>
         <name>motor.obj</name>
      </input_file>
      <input_file id="fl-10">
         <path>.\HardWare\</path>
         <kind>object</kind>
         <file>mpu6050.obj</file>
         <name>mpu6050.obj</name>
      </input_file>
      <input_file id="fl-11">
         <path>.\HardWare\</path>
         <kind>object</kind>
         <file>nrf24l01.obj</file>
         <name>nrf24l01.obj</name>
      </input_file>
      <input_file id="fl-12">
         <path>.\MATH\</path>
         <kind>object</kind>
         <file>filter.obj</file>
         <name>filter.obj</name>
      </input_file>
      <input_file id="fl-13">
         <path>.\MATH\</path>
         <kind>object</kind>
         <file>imu.obj</file>
         <name>imu.obj</name>
      </input_file>
      <input_file id="fl-14">
         <path>.\MATH\</path>
         <kind>object</kind>
         <file>kalman.obj</file>
         <name>kalman.obj</name>
      </input_file>
      <input_file id="fl-15">
         <path>.\MATH\</path>
         <kind>object</kind>
         <file>myMath.obj</file>
         <name>myMath.obj</name>
      </input_file>
      <input_file id="fl-16">
         <path>.\MATH\</path>
         <kind>object</kind>
         <file>pid.obj</file>
         <name>pid.obj</name>
      </input_file>
      <input_file id="fl-17">
         <path>.\MidWare\</path>
         <kind>object</kind>
         <file>UART.obj</file>
         <name>UART.obj</name>
      </input_file>
      <input_file id="fl-18">
         <path>.\MidWare\</path>
         <kind>object</kind>
         <file>board.obj</file>
         <name>board.obj</name>
      </input_file>
      <input_file id="fl-19">
         <path>.\MidWare\</path>
         <kind>object</kind>
         <file>delay.obj</file>
         <name>delay.obj</name>
      </input_file>
      <input_file id="fl-1a">
         <path>.\MidWare\</path>
         <kind>object</kind>
         <file>flash.obj</file>
         <name>flash.obj</name>
      </input_file>
      <input_file id="fl-1b">
         <path>.\MidWare\</path>
         <kind>object</kind>
         <file>i2c.obj</file>
         <name>i2c.obj</name>
      </input_file>
      <input_file id="fl-1c">
         <path>.\MidWare\</path>
         <kind>object</kind>
         <file>spi.obj</file>
         <name>spi.obj</name>
      </input_file>
      <input_file id="fl-1d">
         <path>.\MidWare\</path>
         <kind>object</kind>
         <file>timer.obj</file>
         <name>timer.obj</name>
      </input_file>
      <input_file id="fl-1e">
         <path>.\driverlib\</path>
         <kind>object</kind>
         <file>adc10_a.obj</file>
         <name>adc10_a.obj</name>
      </input_file>
      <input_file id="fl-1f">
         <path>.\driverlib\</path>
         <kind>object</kind>
         <file>adc12_a.obj</file>
         <name>adc12_a.obj</name>
      </input_file>
      <input_file id="fl-20">
         <path>.\driverlib\</path>
         <kind>object</kind>
         <file>aes.obj</file>
         <name>aes.obj</name>
      </input_file>
      <input_file id="fl-21">
         <path>.\driverlib\</path>
         <kind>object</kind>
         <file>battbak.obj</file>
         <name>battbak.obj</name>
      </input_file>
      <input_file id="fl-22">
         <path>.\driverlib\</path>
         <kind>object</kind>
         <file>comp_b.obj</file>
         <name>comp_b.obj</name>
      </input_file>
      <input_file id="fl-23">
         <path>.\driverlib\</path>
         <kind>object</kind>
         <file>crc.obj</file>
         <name>crc.obj</name>
      </input_file>
      <input_file id="fl-24">
         <path>.\driverlib\</path>
         <kind>object</kind>
         <file>ctsd16.obj</file>
         <name>ctsd16.obj</name>
      </input_file>
      <input_file id="fl-25">
         <path>.\driverlib\</path>
         <kind>object</kind>
         <file>dac12_a.obj</file>
         <name>dac12_a.obj</name>
      </input_file>
      <input_file id="fl-26">
         <path>.\driverlib\</path>
         <kind>object</kind>
         <file>dma.obj</file>
         <name>dma.obj</name>
      </input_file>
      <input_file id="fl-27">
         <path>.\driverlib\</path>
         <kind>object</kind>
         <file>eusci_a_spi.obj</file>
         <name>eusci_a_spi.obj</name>
      </input_file>
      <input_file id="fl-28">
         <path>.\driverlib\</path>
         <kind>object</kind>
         <file>eusci_a_uart.obj</file>
         <name>eusci_a_uart.obj</name>
      </input_file>
      <input_file id="fl-29">
         <path>.\driverlib\</path>
         <kind>object</kind>
         <file>eusci_b_i2c.obj</file>
         <name>eusci_b_i2c.obj</name>
      </input_file>
      <input_file id="fl-2a">
         <path>.\driverlib\</path>
         <kind>object</kind>
         <file>eusci_b_spi.obj</file>
         <name>eusci_b_spi.obj</name>
      </input_file>
      <input_file id="fl-2b">
         <path>.\driverlib\</path>
         <kind>object</kind>
         <file>flashctl.obj</file>
         <name>flashctl.obj</name>
      </input_file>
      <input_file id="fl-2c">
         <path>.\driverlib\</path>
         <kind>object</kind>
         <file>gpio.obj</file>
         <name>gpio.obj</name>
      </input_file>
      <input_file id="fl-2d">
         <path>.\driverlib\</path>
         <kind>object</kind>
         <file>lcd_b.obj</file>
         <name>lcd_b.obj</name>
      </input_file>
      <input_file id="fl-2e">
         <path>.\driverlib\</path>
         <kind>object</kind>
         <file>lcd_c.obj</file>
         <name>lcd_c.obj</name>
      </input_file>
      <input_file id="fl-2f">
         <path>.\driverlib\</path>
         <kind>object</kind>
         <file>ldopwr.obj</file>
         <name>ldopwr.obj</name>
      </input_file>
      <input_file id="fl-30">
         <path>.\driverlib\</path>
         <kind>object</kind>
         <file>mpy32.obj</file>
         <name>mpy32.obj</name>
      </input_file>
      <input_file id="fl-31">
         <path>.\driverlib\</path>
         <kind>object</kind>
         <file>oa.obj</file>
         <name>oa.obj</name>
      </input_file>
      <input_file id="fl-32">
         <path>.\driverlib\</path>
         <kind>object</kind>
         <file>pmap.obj</file>
         <name>pmap.obj</name>
      </input_file>
      <input_file id="fl-33">
         <path>.\driverlib\</path>
         <kind>object</kind>
         <file>pmm.obj</file>
         <name>pmm.obj</name>
      </input_file>
      <input_file id="fl-34">
         <path>.\driverlib\</path>
         <kind>object</kind>
         <file>ram.obj</file>
         <name>ram.obj</name>
      </input_file>
      <input_file id="fl-35">
         <path>.\driverlib\</path>
         <kind>object</kind>
         <file>ref.obj</file>
         <name>ref.obj</name>
      </input_file>
      <input_file id="fl-36">
         <path>.\driverlib\</path>
         <kind>object</kind>
         <file>rtc_a.obj</file>
         <name>rtc_a.obj</name>
      </input_file>
      <input_file id="fl-37">
         <path>.\driverlib\</path>
         <kind>object</kind>
         <file>rtc_b.obj</file>
         <name>rtc_b.obj</name>
      </input_file>
      <input_file id="fl-38">
         <path>.\driverlib\</path>
         <kind>object</kind>
         <file>rtc_c.obj</file>
         <name>rtc_c.obj</name>
      </input_file>
      <input_file id="fl-39">
         <path>.\driverlib\</path>
         <kind>object</kind>
         <file>sd24_b.obj</file>
         <name>sd24_b.obj</name>
      </input_file>
      <input_file id="fl-3a">
         <path>.\driverlib\</path>
         <kind>object</kind>
         <file>sfr.obj</file>
         <name>sfr.obj</name>
      </input_file>
      <input_file id="fl-3b">
         <path>.\driverlib\</path>
         <kind>object</kind>
         <file>sysctl.obj</file>
         <name>sysctl.obj</name>
      </input_file>
      <input_file id="fl-3c">
         <path>.\driverlib\</path>
         <kind>object</kind>
         <file>tec.obj</file>
         <name>tec.obj</name>
      </input_file>
      <input_file id="fl-3d">
         <path>.\driverlib\</path>
         <kind>object</kind>
         <file>timer_a.obj</file>
         <name>timer_a.obj</name>
      </input_file>
      <input_file id="fl-3e">
         <path>.\driverlib\</path>
         <kind>object</kind>
         <file>timer_b.obj</file>
         <name>timer_b.obj</name>
      </input_file>
      <input_file id="fl-3f">
         <path>.\driverlib\</path>
         <kind>object</kind>
         <file>timer_d.obj</file>
         <name>timer_d.obj</name>
      </input_file>
      <input_file id="fl-40">
         <path>.\driverlib\</path>
         <kind>object</kind>
         <file>tlv.obj</file>
         <name>tlv.obj</name>
      </input_file>
      <input_file id="fl-41">
         <path>.\driverlib\</path>
         <kind>object</kind>
         <file>ucs.obj</file>
         <name>ucs.obj</name>
      </input_file>
      <input_file id="fl-42">
         <path>.\driverlib\</path>
         <kind>object</kind>
         <file>usci_a_spi.obj</file>
         <name>usci_a_spi.obj</name>
      </input_file>
      <input_file id="fl-43">
         <path>.\driverlib\</path>
         <kind>object</kind>
         <file>usci_a_uart.obj</file>
         <name>usci_a_uart.obj</name>
      </input_file>
      <input_file id="fl-44">
         <path>.\driverlib\</path>
         <kind>object</kind>
         <file>usci_b_i2c.obj</file>
         <name>usci_b_i2c.obj</name>
      </input_file>
      <input_file id="fl-45">
         <path>.\driverlib\</path>
         <kind>object</kind>
         <file>usci_b_spi.obj</file>
         <name>usci_b_spi.obj</name>
      </input_file>
      <input_file id="fl-46">
         <path>.\driverlib\</path>
         <kind>object</kind>
         <file>wdt_a.obj</file>
         <name>wdt_a.obj</name>
      </input_file>
      <input_file id="fl-4c">
         <kind>object</kind>
         <file>&lt;internal&gt;</file>
         <name>&lt;internal&gt;</name>
      </input_file>
      <input_file id="fl-52">
         <path>C:\ti\ccsv8\ccs_base\msp430\lib\5xx_6xx_FRxx\</path>
         <kind>archive</kind>
         <file>MSPMATHLIB_CCS_msp430_5xx_6xx_FRxx_large_code_restricted_data.lib</file>
         <name>msp430_atan2.o</name>
      </input_file>
      <input_file id="fl-53">
         <path>C:\ti\ccsv8\ccs_base\msp430\lib\5xx_6xx_FRxx\</path>
         <kind>archive</kind>
         <file>MSPMATHLIB_CCS_msp430_5xx_6xx_FRxx_large_code_restricted_data.lib</file>
         <name>msp430_tables.o</name>
      </input_file>
      <input_file id="fl-54">
         <path>C:\ti\ccsv8\ccs_base\msp430\lib\5xx_6xx_FRxx\</path>
         <kind>archive</kind>
         <file>MSPMATHLIB_CCS_msp430_5xx_6xx_FRxx_large_code_restricted_data.lib</file>
         <name>msp430_common.o</name>
      </input_file>
      <input_file id="fl-6a">
         <path>C:\ti\ccsv8\tools\compiler\ti-cgt-msp430_18.1.4.LTS\lib\</path>
         <kind>archive</kind>
         <file>rts430x_lc_rd_eabi.lib</file>
         <name>e_asin.c.obj</name>
      </input_file>
      <input_file id="fl-6b">
         <path>C:\ti\ccsv8\tools\compiler\ti-cgt-msp430_18.1.4.LTS\lib\</path>
         <kind>archive</kind>
         <file>rts430x_lc_rd_eabi.lib</file>
         <name>e_sqrt.c.obj</name>
      </input_file>
      <input_file id="fl-6c">
         <path>C:\ti\ccsv8\tools\compiler\ti-cgt-msp430_18.1.4.LTS\lib\</path>
         <kind>archive</kind>
         <file>rts430x_lc_rd_eabi.lib</file>
         <name>asr32.asm.obj</name>
      </input_file>
      <input_file id="fl-6d">
         <path>C:\ti\ccsv8\tools\compiler\ti-cgt-msp430_18.1.4.LTS\lib\</path>
         <kind>archive</kind>
         <file>rts430x_lc_rd_eabi.lib</file>
         <name>div16s.asm.obj</name>
      </input_file>
      <input_file id="fl-6e">
         <path>C:\ti\ccsv8\tools\compiler\ti-cgt-msp430_18.1.4.LTS\lib\</path>
         <kind>archive</kind>
         <file>rts430x_lc_rd_eabi.lib</file>
         <name>div16u.asm.obj</name>
      </input_file>
      <input_file id="fl-6f">
         <path>C:\ti\ccsv8\tools\compiler\ti-cgt-msp430_18.1.4.LTS\lib\</path>
         <kind>archive</kind>
         <file>rts430x_lc_rd_eabi.lib</file>
         <name>div32s.asm.obj</name>
      </input_file>
      <input_file id="fl-70">
         <path>C:\ti\ccsv8\tools\compiler\ti-cgt-msp430_18.1.4.LTS\lib\</path>
         <kind>archive</kind>
         <file>rts430x_lc_rd_eabi.lib</file>
         <name>div32u.asm.obj</name>
      </input_file>
      <input_file id="fl-71">
         <path>C:\ti\ccsv8\tools\compiler\ti-cgt-msp430_18.1.4.LTS\lib\</path>
         <kind>archive</kind>
         <file>rts430x_lc_rd_eabi.lib</file>
         <name>fs_add.asm.obj</name>
      </input_file>
      <input_file id="fl-72">
         <path>C:\ti\ccsv8\tools\compiler\ti-cgt-msp430_18.1.4.LTS\lib\</path>
         <kind>archive</kind>
         <file>rts430x_lc_rd_eabi.lib</file>
         <name>fs_cmp.asm.obj</name>
      </input_file>
      <input_file id="fl-73">
         <path>C:\ti\ccsv8\tools\compiler\ti-cgt-msp430_18.1.4.LTS\lib\</path>
         <kind>archive</kind>
         <file>rts430x_lc_rd_eabi.lib</file>
         <name>fs_div.asm.obj</name>
      </input_file>
      <input_file id="fl-74">
         <path>C:\ti\ccsv8\tools\compiler\ti-cgt-msp430_18.1.4.LTS\lib\</path>
         <kind>archive</kind>
         <file>rts430x_lc_rd_eabi.lib</file>
         <name>fs_itof.asm.obj</name>
      </input_file>
      <input_file id="fl-75">
         <path>C:\ti\ccsv8\tools\compiler\ti-cgt-msp430_18.1.4.LTS\lib\</path>
         <kind>archive</kind>
         <file>rts430x_lc_rd_eabi.lib</file>
         <name>fs_ltof.asm.obj</name>
      </input_file>
      <input_file id="fl-76">
         <path>C:\ti\ccsv8\tools\compiler\ti-cgt-msp430_18.1.4.LTS\lib\</path>
         <kind>archive</kind>
         <file>rts430x_lc_rd_eabi.lib</file>
         <name>fs_mpy.asm.obj</name>
      </input_file>
      <input_file id="fl-77">
         <path>C:\ti\ccsv8\tools\compiler\ti-cgt-msp430_18.1.4.LTS\lib\</path>
         <kind>archive</kind>
         <file>rts430x_lc_rd_eabi.lib</file>
         <name>fs_neg.asm.obj</name>
      </input_file>
      <input_file id="fl-78">
         <path>C:\ti\ccsv8\tools\compiler\ti-cgt-msp430_18.1.4.LTS\lib\</path>
         <kind>archive</kind>
         <file>rts430x_lc_rd_eabi.lib</file>
         <name>fs_toi.asm.obj</name>
      </input_file>
      <input_file id="fl-79">
         <path>C:\ti\ccsv8\tools\compiler\ti-cgt-msp430_18.1.4.LTS\lib\</path>
         <kind>archive</kind>
         <file>rts430x_lc_rd_eabi.lib</file>
         <name>fs_tol.asm.obj</name>
      </input_file>
      <input_file id="fl-7a">
         <path>C:\ti\ccsv8\tools\compiler\ti-cgt-msp430_18.1.4.LTS\lib\</path>
         <kind>archive</kind>
         <file>rts430x_lc_rd_eabi.lib</file>
         <name>fs_tou.asm.obj</name>
      </input_file>
      <input_file id="fl-7b">
         <path>C:\ti\ccsv8\tools\compiler\ti-cgt-msp430_18.1.4.LTS\lib\</path>
         <kind>archive</kind>
         <file>rts430x_lc_rd_eabi.lib</file>
         <name>fs_ultof.asm.obj</name>
      </input_file>
      <input_file id="fl-7c">
         <path>C:\ti\ccsv8\tools\compiler\ti-cgt-msp430_18.1.4.LTS\lib\</path>
         <kind>archive</kind>
         <file>rts430x_lc_rd_eabi.lib</file>
         <name>fs_utof.asm.obj</name>
      </input_file>
      <input_file id="fl-7d">
         <path>C:\ti\ccsv8\tools\compiler\ti-cgt-msp430_18.1.4.LTS\lib\</path>
         <kind>archive</kind>
         <file>rts430x_lc_rd_eabi.lib</file>
         <name>int41.asm.obj</name>
      </input_file>
      <input_file id="fl-7e">
         <path>C:\ti\ccsv8\tools\compiler\ti-cgt-msp430_18.1.4.LTS\lib\</path>
         <kind>archive</kind>
         <file>rts430x_lc_rd_eabi.lib</file>
         <name>int42.asm.obj</name>
      </input_file>
      <input_file id="fl-7f">
         <path>C:\ti\ccsv8\tools\compiler\ti-cgt-msp430_18.1.4.LTS\lib\</path>
         <kind>archive</kind>
         <file>rts430x_lc_rd_eabi.lib</file>
         <name>int43.asm.obj</name>
      </input_file>
      <input_file id="fl-80">
         <path>C:\ti\ccsv8\tools\compiler\ti-cgt-msp430_18.1.4.LTS\lib\</path>
         <kind>archive</kind>
         <file>rts430x_lc_rd_eabi.lib</file>
         <name>int44.asm.obj</name>
      </input_file>
      <input_file id="fl-81">
         <path>C:\ti\ccsv8\tools\compiler\ti-cgt-msp430_18.1.4.LTS\lib\</path>
         <kind>archive</kind>
         <file>rts430x_lc_rd_eabi.lib</file>
         <name>int45.asm.obj</name>
      </input_file>
      <input_file id="fl-82">
         <path>C:\ti\ccsv8\tools\compiler\ti-cgt-msp430_18.1.4.LTS\lib\</path>
         <kind>archive</kind>
         <file>rts430x_lc_rd_eabi.lib</file>
         <name>int47.asm.obj</name>
      </input_file>
      <input_file id="fl-83">
         <path>C:\ti\ccsv8\tools\compiler\ti-cgt-msp430_18.1.4.LTS\lib\</path>
         <kind>archive</kind>
         <file>rts430x_lc_rd_eabi.lib</file>
         <name>int48.asm.obj</name>
      </input_file>
      <input_file id="fl-84">
         <path>C:\ti\ccsv8\tools\compiler\ti-cgt-msp430_18.1.4.LTS\lib\</path>
         <kind>archive</kind>
         <file>rts430x_lc_rd_eabi.lib</file>
         <name>int49.asm.obj</name>
      </input_file>
      <input_file id="fl-85">
         <path>C:\ti\ccsv8\tools\compiler\ti-cgt-msp430_18.1.4.LTS\lib\</path>
         <kind>archive</kind>
         <file>rts430x_lc_rd_eabi.lib</file>
         <name>int50.asm.obj</name>
      </input_file>
      <input_file id="fl-86">
         <path>C:\ti\ccsv8\tools\compiler\ti-cgt-msp430_18.1.4.LTS\lib\</path>
         <kind>archive</kind>
         <file>rts430x_lc_rd_eabi.lib</file>
         <name>int51.asm.obj</name>
      </input_file>
      <input_file id="fl-87">
         <path>C:\ti\ccsv8\tools\compiler\ti-cgt-msp430_18.1.4.LTS\lib\</path>
         <kind>archive</kind>
         <file>rts430x_lc_rd_eabi.lib</file>
         <name>int52.asm.obj</name>
      </input_file>
      <input_file id="fl-88">
         <path>C:\ti\ccsv8\tools\compiler\ti-cgt-msp430_18.1.4.LTS\lib\</path>
         <kind>archive</kind>
         <file>rts430x_lc_rd_eabi.lib</file>
         <name>int53.asm.obj</name>
      </input_file>
      <input_file id="fl-89">
         <path>C:\ti\ccsv8\tools\compiler\ti-cgt-msp430_18.1.4.LTS\lib\</path>
         <kind>archive</kind>
         <file>rts430x_lc_rd_eabi.lib</file>
         <name>int54.asm.obj</name>
      </input_file>
      <input_file id="fl-8a">
         <path>C:\ti\ccsv8\tools\compiler\ti-cgt-msp430_18.1.4.LTS\lib\</path>
         <kind>archive</kind>
         <file>rts430x_lc_rd_eabi.lib</file>
         <name>int55.asm.obj</name>
      </input_file>
      <input_file id="fl-8b">
         <path>C:\ti\ccsv8\tools\compiler\ti-cgt-msp430_18.1.4.LTS\lib\</path>
         <kind>archive</kind>
         <file>rts430x_lc_rd_eabi.lib</file>
         <name>int56.asm.obj</name>
      </input_file>
      <input_file id="fl-8c">
         <path>C:\ti\ccsv8\tools\compiler\ti-cgt-msp430_18.1.4.LTS\lib\</path>
         <kind>archive</kind>
         <file>rts430x_lc_rd_eabi.lib</file>
         <name>int57.asm.obj</name>
      </input_file>
      <input_file id="fl-8d">
         <path>C:\ti\ccsv8\tools\compiler\ti-cgt-msp430_18.1.4.LTS\lib\</path>
         <kind>archive</kind>
         <file>rts430x_lc_rd_eabi.lib</file>
         <name>int58.asm.obj</name>
      </input_file>
      <input_file id="fl-8e">
         <path>C:\ti\ccsv8\tools\compiler\ti-cgt-msp430_18.1.4.LTS\lib\</path>
         <kind>archive</kind>
         <file>rts430x_lc_rd_eabi.lib</file>
         <name>int60.asm.obj</name>
      </input_file>
      <input_file id="fl-8f">
         <path>C:\ti\ccsv8\tools\compiler\ti-cgt-msp430_18.1.4.LTS\lib\</path>
         <kind>archive</kind>
         <file>rts430x_lc_rd_eabi.lib</file>
         <name>int61.asm.obj</name>
      </input_file>
      <input_file id="fl-90">
         <path>C:\ti\ccsv8\tools\compiler\ti-cgt-msp430_18.1.4.LTS\lib\</path>
         <kind>archive</kind>
         <file>rts430x_lc_rd_eabi.lib</file>
         <name>int62.asm.obj</name>
      </input_file>
      <input_file id="fl-91">
         <path>C:\ti\ccsv8\tools\compiler\ti-cgt-msp430_18.1.4.LTS\lib\</path>
         <kind>archive</kind>
         <file>rts430x_lc_rd_eabi.lib</file>
         <name>isr_trap.asm.obj</name>
      </input_file>
      <input_file id="fl-92">
         <path>C:\ti\ccsv8\tools\compiler\ti-cgt-msp430_18.1.4.LTS\lib\</path>
         <kind>archive</kind>
         <file>rts430x_lc_rd_eabi.lib</file>
         <name>lsl16.asm.obj</name>
      </input_file>
      <input_file id="fl-93">
         <path>C:\ti\ccsv8\tools\compiler\ti-cgt-msp430_18.1.4.LTS\lib\</path>
         <kind>archive</kind>
         <file>rts430x_lc_rd_eabi.lib</file>
         <name>lsl32.asm.obj</name>
      </input_file>
      <input_file id="fl-94">
         <path>C:\ti\ccsv8\tools\compiler\ti-cgt-msp430_18.1.4.LTS\lib\</path>
         <kind>archive</kind>
         <file>rts430x_lc_rd_eabi.lib</file>
         <name>lsr32.asm.obj</name>
      </input_file>
      <input_file id="fl-95">
         <path>C:\ti\ccsv8\tools\compiler\ti-cgt-msp430_18.1.4.LTS\lib\</path>
         <kind>archive</kind>
         <file>rts430x_lc_rd_eabi.lib</file>
         <name>mult16_f5hw.asm.obj</name>
      </input_file>
      <input_file id="fl-96">
         <path>C:\ti\ccsv8\tools\compiler\ti-cgt-msp430_18.1.4.LTS\lib\</path>
         <kind>archive</kind>
         <file>rts430x_lc_rd_eabi.lib</file>
         <name>mult1632_f5hw.asm.obj</name>
      </input_file>
      <input_file id="fl-97">
         <path>C:\ti\ccsv8\tools\compiler\ti-cgt-msp430_18.1.4.LTS\lib\</path>
         <kind>archive</kind>
         <file>rts430x_lc_rd_eabi.lib</file>
         <name>mult32.asm.obj</name>
      </input_file>
      <input_file id="fl-98">
         <path>C:\ti\ccsv8\tools\compiler\ti-cgt-msp430_18.1.4.LTS\lib\</path>
         <kind>archive</kind>
         <file>rts430x_lc_rd_eabi.lib</file>
         <name>mult32_f5hw.asm.obj</name>
      </input_file>
      <input_file id="fl-99">
         <path>C:\ti\ccsv8\tools\compiler\ti-cgt-msp430_18.1.4.LTS\lib\</path>
         <kind>archive</kind>
         <file>rts430x_lc_rd_eabi.lib</file>
         <name>mult3264_f5hw.asm.obj</name>
      </input_file>
      <input_file id="fl-9a">
         <path>C:\ti\ccsv8\tools\compiler\ti-cgt-msp430_18.1.4.LTS\lib\</path>
         <kind>archive</kind>
         <file>rts430x_lc_rd_eabi.lib</file>
         <name>mult64_f5hw.asm.obj</name>
      </input_file>
      <input_file id="fl-9b">
         <path>C:\ti\ccsv8\tools\compiler\ti-cgt-msp430_18.1.4.LTS\lib\</path>
         <kind>archive</kind>
         <file>rts430x_lc_rd_eabi.lib</file>
         <name>boot.c.obj</name>
      </input_file>
      <input_file id="fl-9c">
         <path>C:\ti\ccsv8\tools\compiler\ti-cgt-msp430_18.1.4.LTS\lib\</path>
         <kind>archive</kind>
         <file>rts430x_lc_rd_eabi.lib</file>
         <name>autoinit.c.obj</name>
      </input_file>
      <input_file id="fl-9d">
         <path>C:\ti\ccsv8\tools\compiler\ti-cgt-msp430_18.1.4.LTS\lib\</path>
         <kind>archive</kind>
         <file>rts430x_lc_rd_eabi.lib</file>
         <name>copy_zero_init.c.obj</name>
      </input_file>
      <input_file id="fl-9e">
         <path>C:\ti\ccsv8\tools\compiler\ti-cgt-msp430_18.1.4.LTS\lib\</path>
         <kind>archive</kind>
         <file>rts430x_lc_rd_eabi.lib</file>
         <name>cpy_tbl.c.obj</name>
      </input_file>
      <input_file id="fl-9f">
         <path>C:\ti\ccsv8\tools\compiler\ti-cgt-msp430_18.1.4.LTS\lib\</path>
         <kind>archive</kind>
         <file>rts430x_lc_rd_eabi.lib</file>
         <name>mpu_init.c.obj</name>
      </input_file>
      <input_file id="fl-a0">
         <path>C:\ti\ccsv8\tools\compiler\ti-cgt-msp430_18.1.4.LTS\lib\</path>
         <kind>archive</kind>
         <file>rts430x_lc_rd_eabi.lib</file>
         <name>lsr64.c.obj</name>
      </input_file>
      <input_file id="fl-a1">
         <path>C:\ti\ccsv8\tools\compiler\ti-cgt-msp430_18.1.4.LTS\lib\</path>
         <kind>archive</kind>
         <file>rts430x_lc_rd_eabi.lib</file>
         <name>pre_init.c.obj</name>
      </input_file>
      <input_file id="fl-a2">
         <path>C:\ti\ccsv8\tools\compiler\ti-cgt-msp430_18.1.4.LTS\lib\</path>
         <kind>archive</kind>
         <file>rts430x_lc_rd_eabi.lib</file>
         <name>startup.c.obj</name>
      </input_file>
      <input_file id="fl-a3">
         <path>C:\ti\ccsv8\tools\compiler\ti-cgt-msp430_18.1.4.LTS\lib\</path>
         <kind>archive</kind>
         <file>rts430x_lc_rd_eabi.lib</file>
         <name>copy_decompress_none.c.obj</name>
      </input_file>
      <input_file id="fl-a4">
         <path>C:\ti\ccsv8\tools\compiler\ti-cgt-msp430_18.1.4.LTS\lib\</path>
         <kind>archive</kind>
         <file>rts430x_lc_rd_eabi.lib</file>
         <name>copy_decompress_lzss.c.obj</name>
      </input_file>
      <input_file id="fl-a5">
         <path>C:\ti\ccsv8\tools\compiler\ti-cgt-msp430_18.1.4.LTS\lib\</path>
         <kind>archive</kind>
         <file>rts430x_lc_rd_eabi.lib</file>
         <name>cvtdf.c.obj</name>
      </input_file>
      <input_file id="fl-a6">
         <path>C:\ti\ccsv8\tools\compiler\ti-cgt-msp430_18.1.4.LTS\lib\</path>
         <kind>archive</kind>
         <file>rts430x_lc_rd_eabi.lib</file>
         <name>addd.c.obj</name>
      </input_file>
      <input_file id="fl-a7">
         <path>C:\ti\ccsv8\tools\compiler\ti-cgt-msp430_18.1.4.LTS\lib\</path>
         <kind>archive</kind>
         <file>rts430x_lc_rd_eabi.lib</file>
         <name>cmpd.c.obj</name>
      </input_file>
      <input_file id="fl-a8">
         <path>C:\ti\ccsv8\tools\compiler\ti-cgt-msp430_18.1.4.LTS\lib\</path>
         <kind>archive</kind>
         <file>rts430x_lc_rd_eabi.lib</file>
         <name>cvtfd.c.obj</name>
      </input_file>
      <input_file id="fl-a9">
         <path>C:\ti\ccsv8\tools\compiler\ti-cgt-msp430_18.1.4.LTS\lib\</path>
         <kind>archive</kind>
         <file>rts430x_lc_rd_eabi.lib</file>
         <name>divd.c.obj</name>
      </input_file>
      <input_file id="fl-aa">
         <path>C:\ti\ccsv8\tools\compiler\ti-cgt-msp430_18.1.4.LTS\lib\</path>
         <kind>archive</kind>
         <file>rts430x_lc_rd_eabi.lib</file>
         <name>fltid.c.obj</name>
      </input_file>
      <input_file id="fl-ab">
         <path>C:\ti\ccsv8\tools\compiler\ti-cgt-msp430_18.1.4.LTS\lib\</path>
         <kind>archive</kind>
         <file>rts430x_lc_rd_eabi.lib</file>
         <name>fltlid.c.obj</name>
      </input_file>
      <input_file id="fl-ac">
         <path>C:\ti\ccsv8\tools\compiler\ti-cgt-msp430_18.1.4.LTS\lib\</path>
         <kind>archive</kind>
         <file>rts430x_lc_rd_eabi.lib</file>
         <name>frcaddd.c.obj</name>
      </input_file>
      <input_file id="fl-ad">
         <path>C:\ti\ccsv8\tools\compiler\ti-cgt-msp430_18.1.4.LTS\lib\</path>
         <kind>archive</kind>
         <file>rts430x_lc_rd_eabi.lib</file>
         <name>frcdivd.c.obj</name>
      </input_file>
      <input_file id="fl-ae">
         <path>C:\ti\ccsv8\tools\compiler\ti-cgt-msp430_18.1.4.LTS\lib\</path>
         <kind>archive</kind>
         <file>rts430x_lc_rd_eabi.lib</file>
         <name>mpyd.c.obj</name>
      </input_file>
      <input_file id="fl-af">
         <path>C:\ti\ccsv8\tools\compiler\ti-cgt-msp430_18.1.4.LTS\lib\</path>
         <kind>archive</kind>
         <file>rts430x_lc_rd_eabi.lib</file>
         <name>negd.c.obj</name>
      </input_file>
      <input_file id="fl-b0">
         <path>C:\ti\ccsv8\tools\compiler\ti-cgt-msp430_18.1.4.LTS\lib\</path>
         <kind>archive</kind>
         <file>rts430x_lc_rd_eabi.lib</file>
         <name>renormd.c.obj</name>
      </input_file>
      <input_file id="fl-b1">
         <path>C:\ti\ccsv8\tools\compiler\ti-cgt-msp430_18.1.4.LTS\lib\</path>
         <kind>archive</kind>
         <file>rts430x_lc_rd_eabi.lib</file>
         <name>subd.c.obj</name>
      </input_file>
      <input_file id="fl-b2">
         <path>C:\ti\ccsv8\tools\compiler\ti-cgt-msp430_18.1.4.LTS\lib\</path>
         <kind>archive</kind>
         <file>rts430x_lc_rd_eabi.lib</file>
         <name>errno.c.obj</name>
      </input_file>
      <input_file id="fl-b3">
         <path>C:\ti\ccsv8\tools\compiler\ti-cgt-msp430_18.1.4.LTS\lib\</path>
         <kind>archive</kind>
         <file>rts430x_lc_rd_eabi.lib</file>
         <name>exit.c.obj</name>
      </input_file>
      <input_file id="fl-b4">
         <path>C:\ti\ccsv8\tools\compiler\ti-cgt-msp430_18.1.4.LTS\lib\</path>
         <kind>archive</kind>
         <file>rts430x_lc_rd_eabi.lib</file>
         <name>_lock.c.obj</name>
      </input_file>
      <input_file id="fl-b5">
         <path>C:\ti\ccsv8\tools\compiler\ti-cgt-msp430_18.1.4.LTS\lib\</path>
         <kind>archive</kind>
         <file>rts430x_lc_rd_eabi.lib</file>
         <name>args_main.c.obj</name>
      </input_file>
      <input_file id="fl-b6">
         <path>C:\ti\ccsv8\tools\compiler\ti-cgt-msp430_18.1.4.LTS\lib\</path>
         <kind>archive</kind>
         <file>rts430x_lc_rd_eabi.lib</file>
         <name>memcmp.c.obj</name>
      </input_file>
      <input_file id="fl-b7">
         <path>C:\ti\ccsv8\tools\compiler\ti-cgt-msp430_18.1.4.LTS\lib\</path>
         <kind>archive</kind>
         <file>rts430x_lc_rd_eabi.lib</file>
         <name>memcpy.c.obj</name>
      </input_file>
      <input_file id="fl-b8">
         <path>C:\ti\ccsv8\tools\compiler\ti-cgt-msp430_18.1.4.LTS\lib\</path>
         <kind>archive</kind>
         <file>rts430x_lc_rd_eabi.lib</file>
         <name>memset.c.obj</name>
      </input_file>
      <input_file id="fl-b9">
         <path>C:\ti\ccsv8\tools\compiler\ti-cgt-msp430_18.1.4.LTS\lib\</path>
         <kind>archive</kind>
         <file>rts430x_lc_rd_eabi.lib</file>
         <name>mult16.asm.obj</name>
      </input_file>
      <input_file id="fl-ba">
         <path>C:\ti\ccsv8\tools\compiler\ti-cgt-msp430_18.1.4.LTS\lib\</path>
         <kind>archive</kind>
         <file>rts430x_lc_rd_eabi.lib</file>
         <name>exit_gvars.c.obj</name>
      </input_file>
      <input_file id="fl-bb">
         <path>C:\ti\ccsv8\tools\compiler\ti-cgt-msp430_18.1.4.LTS\lib\</path>
         <kind>archive</kind>
         <file>rts430x_lc_rd_eabi.lib</file>
         <name>frcmpyd.c.obj</name>
      </input_file>
   </input_file_list>
   <object_component_list>
      <object_component id="oc-816">
         <name>.bss:exp_vel_transition</name>
         <uninitialized>true</uninitialized>
         <run_address>0x2cce</run_address>
         <size>0x10</size>
         <input_file_ref idref="fl-7"/>
      </object_component>
      <object_component id="oc-813">
         <name>.bss</name>
         <uninitialized>true</uninitialized>
         <run_address>0x2bc2</run_address>
         <size>0x30</size>
         <input_file_ref idref="fl-7"/>
      </object_component>
      <object_component id="oc-69e">
         <name>.bss:spl0601</name>
         <uninitialized>true</uninitialized>
         <run_address>0x2c1e</run_address>
         <size>0x28</size>
         <input_file_ref idref="fl-e"/>
      </object_component>
      <object_component id="oc-6a1">
         <name>.bss</name>
         <uninitialized>true</uninitialized>
         <run_address>0x2d0e</run_address>
         <size>0x4</size>
         <input_file_ref idref="fl-e"/>
      </object_component>
      <object_component id="oc-743">
         <name>.bss:mpu_filter$1</name>
         <uninitialized>true</uninitialized>
         <run_address>0x2b34</run_address>
         <size>0x48</size>
         <input_file_ref idref="fl-10"/>
      </object_component>
      <object_component id="oc-6cb">
         <name>.common:NRF_Mannager</name>
         <uninitialized>true</uninitialized>
         <run_address>0x2740</run_address>
         <size>0x2a8</size>
      </object_component>
      <object_component id="oc-9d3">
         <name>.common:USB_Send_Queue</name>
         <uninitialized>true</uninitialized>
         <run_address>0x29e8</run_address>
         <size>0x14c</size>
      </object_component>
      <object_component id="oc-6ed">
         <name>.common:motor</name>
         <uninitialized>true</uninitialized>
         <run_address>0x2cfe</run_address>
         <size>0x8</size>
      </object_component>
      <object_component id="oc-4ba">
         <name>.common:g_FMUflg</name>
         <uninitialized>true</uninitialized>
         <run_address>0x2d59</run_address>
         <size>0x1</size>
      </object_component>
      <object_component id="oc-774">
         <name>.common:PIDGroup_desired_yaw_pos_tmp</name>
         <uninitialized>true</uninitialized>
         <run_address>0x2d12</run_address>
         <size>0x4</size>
      </object_component>
      <object_component id="oc-6ea">
         <name>.common:HeightInfo</name>
         <uninitialized>true</uninitialized>
         <run_address>0x2cbc</run_address>
         <size>0x12</size>
      </object_component>
      <object_component id="oc-81c">
         <name>.common:exp_hei</name>
         <uninitialized>true</uninitialized>
         <run_address>0x2d26</run_address>
         <size>0x4</size>
      </object_component>
      <object_component id="oc-417">
         <name>.common:Thread_3MS</name>
         <uninitialized>true</uninitialized>
         <run_address>0x2d57</run_address>
         <size>0x1</size>
      </object_component>
      <object_component id="oc-41a">
         <name>.common:Thread_8MS</name>
         <uninitialized>true</uninitialized>
         <run_address>0x2d58</run_address>
         <size>0x1</size>
      </object_component>
      <object_component id="oc-41c">
         <name>.common:Thread_10MS</name>
         <uninitialized>true</uninitialized>
         <run_address>0x2d55</run_address>
         <size>0x1</size>
      </object_component>
      <object_component id="oc-41b">
         <name>.common:Thread_20MS</name>
         <uninitialized>true</uninitialized>
         <run_address>0x2d56</run_address>
         <size>0x1</size>
      </object_component>
      <object_component id="oc-9c6">
         <name>.common:RC_rxData</name>
         <uninitialized>true</uninitialized>
         <run_address>0x2c6c</run_address>
         <size>0x20</size>
      </object_component>
      <object_component id="oc-6ee">
         <name>.common:Remote</name>
         <uninitialized>true</uninitialized>
         <run_address>0x2ca6</run_address>
         <size>0x16</size>
      </object_component>
      <object_component id="oc-802">
         <name>.common:fix_rat</name>
         <uninitialized>true</uninitialized>
         <run_address>0x2cde</run_address>
         <size>0xc</size>
      </object_component>
      <object_component id="oc-80b">
         <name>.common:wz_fus_sta</name>
         <uninitialized>true</uninitialized>
         <run_address>0x2d52</run_address>
         <size>0x2</size>
      </object_component>
      <object_component id="oc-807">
         <name>.common:obs_wz_velocity_ref</name>
         <uninitialized>true</uninitialized>
         <run_address>0x2d3e</run_address>
         <size>0x4</size>
      </object_component>
      <object_component id="oc-803">
         <name>.common:obs_wz_height_ref</name>
         <uninitialized>true</uninitialized>
         <run_address>0x2d3a</run_address>
         <size>0x4</size>
      </object_component>
      <object_component id="oc-74d">
         <name>.common:est_wz_velocity</name>
         <uninitialized>true</uninitialized>
         <run_address>0x2d22</run_address>
         <size>0x4</size>
      </object_component>
      <object_component id="oc-750">
         <name>.common:est_wz_height</name>
         <uninitialized>true</uninitialized>
         <run_address>0x2d1e</run_address>
         <size>0x4</size>
      </object_component>
      <object_component id="oc-809">
         <name>.common:fix_wz_velocity</name>
         <uninitialized>true</uninitialized>
         <run_address>0x2d32</run_address>
         <size>0x4</size>
      </object_component>
      <object_component id="oc-808">
         <name>.common:fix_wz_height</name>
         <uninitialized>true</uninitialized>
         <run_address>0x2d2e</run_address>
         <size>0x4</size>
      </object_component>
      <object_component id="oc-80a">
         <name>.common:fix_wz_acceleration</name>
         <uninitialized>true</uninitialized>
         <run_address>0x2d2a</run_address>
         <size>0x4</size>
      </object_component>
      <object_component id="oc-51d">
         <name>.common:g_UAVinfo</name>
         <uninitialized>true</uninitialized>
         <run_address>0x2c46</run_address>
         <size>0x26</size>
      </object_component>
      <object_component id="oc-84b">
         <name>.common:PID_select</name>
         <uninitialized>true</uninitialized>
         <run_address>0x2d54</run_address>
         <size>0x1</size>
      </object_component>
      <object_component id="oc-4ab">
         <name>.common:g_LedManager</name>
         <uninitialized>true</uninitialized>
         <run_address>0x2cf6</run_address>
         <size>0x8</size>
      </object_component>
      <object_component id="oc-56f">
         <name>.common:g_SPL06Manager</name>
         <uninitialized>true</uninitialized>
         <run_address>0x2b7c</run_address>
         <size>0x46</size>
      </object_component>
      <object_component id="oc-8de">
         <name>.common:alt_3</name>
         <uninitialized>true</uninitialized>
         <run_address>0x2d16</run_address>
         <size>0x4</size>
      </object_component>
      <object_component id="oc-8df">
         <name>.common:height</name>
         <uninitialized>true</uninitialized>
         <run_address>0x2d36</run_address>
         <size>0x4</size>
      </object_component>
      <object_component id="oc-8d0">
         <name>.common:temperature</name>
         <uninitialized>true</uninitialized>
         <run_address>0x2d42</run_address>
         <size>0x4</size>
      </object_component>
      <object_component id="oc-8dd">
         <name>.common:baro_pressure</name>
         <uninitialized>true</uninitialized>
         <run_address>0x2d1a</run_address>
         <size>0x4</size>
      </object_component>
      <object_component id="oc-56c">
         <name>.common:g_MPUManager</name>
         <uninitialized>true</uninitialized>
         <run_address>0x2c8c</run_address>
         <size>0x1a</size>
      </object_component>
      <object_component id="oc-572">
         <name>.common:g_NRFManager</name>
         <uninitialized>true</uninitialized>
         <run_address>0x2bf2</run_address>
         <size>0x2c</size>
      </object_component>
      <object_component id="oc-59a">
         <name>.common:g_Attitude</name>
         <uninitialized>true</uninitialized>
         <run_address>0x2cea</run_address>
         <size>0xc</size>
      </object_component>
      <object_component id="oc-767">
         <name>.common:vecxZ</name>
         <uninitialized>true</uninitialized>
         <run_address>0x2d46</run_address>
         <size>0x4</size>
      </object_component>
      <object_component id="oc-768">
         <name>.common:vecyZ</name>
         <uninitialized>true</uninitialized>
         <run_address>0x2d4a</run_address>
         <size>0x4</size>
      </object_component>
      <object_component id="oc-769">
         <name>.common:veczZ</name>
         <uninitialized>true</uninitialized>
         <run_address>0x2d4e</run_address>
         <size>0x4</size>
      </object_component>
      <object_component id="oc-76a">
         <name>.common:wz_acc_tmp</name>
         <uninitialized>true</uninitialized>
         <run_address>0x2d06</run_address>
         <size>0x8</size>
      </object_component>
      <object_component id="oc-6f2">
         <name>.common:PIDGroup</name>
         <uninitialized>true</uninitialized>
         <run_address>0x2400</run_address>
         <size>0x340</size>
      </object_component>
      <object_component id="oc-6d5">
         <name>.data:TX_ADDRESS</name>
         <load_address>0x2f4c</load_address>
         <run_address>0x2f4c</run_address>
         <size>0x5</size>
         <input_file_ref idref="fl-4"/>
      </object_component>
      <object_component id="oc-6d2">
         <name>.data:RX_ADDRESS</name>
         <load_address>0x2f46</load_address>
         <run_address>0x2f46</run_address>
         <size>0x5</size>
         <input_file_ref idref="fl-4"/>
      </object_component>
      <object_component id="oc-7c0">
         <name>.data</name>
         <load_address>0x2f5e</load_address>
         <run_address>0x2f5e</run_address>
         <size>0x2</size>
         <input_file_ref idref="fl-4"/>
      </object_component>
      <object_component id="oc-771">
         <name>.data</name>
         <load_address>0x2f2e</load_address>
         <run_address>0x2f2e</run_address>
         <size>0x6</size>
         <input_file_ref idref="fl-6"/>
      </object_component>
      <object_component id="oc-819">
         <name>.data</name>
         <load_address>0x2f3a</load_address>
         <run_address>0x2f3a</run_address>
         <size>0x6</size>
         <input_file_ref idref="fl-7"/>
      </object_component>
      <object_component id="oc-411">
         <name>.data</name>
         <load_address>0x2f56</load_address>
         <run_address>0x2f56</run_address>
         <size>0x4</size>
         <input_file_ref idref="fl-8"/>
      </object_component>
      <object_component id="oc-ad7">
         <name>.data</name>
         <load_address>0x2f62</load_address>
         <run_address>0x2f62</run_address>
         <size>0x2</size>
         <input_file_ref idref="fl-9"/>
      </object_component>
      <object_component id="oc-804">
         <name>.data</name>
         <load_address>0x2f40</load_address>
         <run_address>0x2f40</run_address>
         <size>0x6</size>
         <input_file_ref idref="fl-a"/>
      </object_component>
      <object_component id="oc-7e6">
         <name>.data</name>
         <load_address>0x2f34</load_address>
         <run_address>0x2f34</run_address>
         <size>0x6</size>
         <input_file_ref idref="fl-c"/>
      </object_component>
      <object_component id="oc-4b9">
         <name>.data</name>
         <load_address>0x2f4b</load_address>
         <run_address>0x2f4b</run_address>
         <size>0x1</size>
         <input_file_ref idref="fl-d"/>
      </object_component>
      <object_component id="oc-749">
         <name>.data</name>
         <load_address>0x2f5a</load_address>
         <run_address>0x2f5a</run_address>
         <size>0x4</size>
         <input_file_ref idref="fl-10"/>
      </object_component>
      <object_component id="oc-8fc">
         <name>.data</name>
         <load_address>0x2f60</load_address>
         <run_address>0x2f60</run_address>
         <size>0x2</size>
         <input_file_ref idref="fl-11"/>
      </object_component>
      <object_component id="oc-754">
         <name>.data:NumQ</name>
         <load_address>0x2f0a</load_address>
         <run_address>0x2f0a</run_address>
         <size>0x10</size>
         <input_file_ref idref="fl-13"/>
      </object_component>
      <object_component id="oc-75e">
         <name>.data:GyroIntegError$1</name>
         <load_address>0x2f1a</load_address>
         <run_address>0x2f1a</run_address>
         <size>0xc</size>
         <input_file_ref idref="fl-13"/>
      </object_component>
      <object_component id="oc-407">
         <name>.data</name>
         <load_address>0x2f52</load_address>
         <run_address>0x2f52</run_address>
         <size>0x4</size>
         <input_file_ref idref="fl-17"/>
      </object_component>
      <object_component id="oc-3fe">
         <name>.data:Usart2</name>
         <load_address>0x2d5a</load_address>
         <run_address>0x2d5a</run_address>
         <size>0x198</size>
         <input_file_ref idref="fl-17"/>
      </object_component>
      <object_component id="oc-65e">
         <name>.data</name>
         <load_address>0x2ef2</load_address>
         <run_address>0x2ef2</run_address>
         <size>0x18</size>
         <input_file_ref idref="fl-18"/>
      </object_component>
      <object_component id="oc-a0a">
         <name>.data</name>
         <load_address>0x2f51</load_address>
         <run_address>0x2f51</run_address>
         <size>0x1</size>
         <input_file_ref idref="fl-1b"/>
      </object_component>
      <object_component id="oc-85d">
         <name>.data</name>
         <load_address>0x2f26</load_address>
         <run_address>0x2f26</run_address>
         <size>0x8</size>
         <input_file_ref idref="fl-41"/>
      </object_component>
      <object_component id="oc-9a3">
         <name>.data</name>
         <load_address>0x2f64</load_address>
         <run_address>0x2f64</run_address>
         <size>0x2</size>
         <input_file_ref idref="fl-b2"/>
      </object_component>
      <object_component id="oc-37d">
         <name>.stack</name>
         <uninitialized>true</uninitialized>
         <run_address>0x4360</run_address>
         <size>0x4</size>
         <input_file_ref idref="fl-9b"/>
      </object_component>
      <object_component id="oc-b66">
         <name>.stack</name>
         <uninitialized>true</uninitialized>
         <run_address>0x4360</run_address>
         <size>0x0</size>
      </object_component>
      <object_component id="oc-59d">
         <name>.text:ATT_Update</name>
         <load_address>0x10000</load_address>
         <run_address>0x10000</run_address>
         <size>0x86a</size>
         <input_file_ref idref="fl-13"/>
      </object_component>
      <object_component id="oc-7a1">
         <name>.text:asin</name>
         <load_address>0x1086a</load_address>
         <run_address>0x1086a</run_address>
         <size>0x602</size>
         <input_file_ref idref="fl-6a"/>
      </object_component>
      <object_component id="oc-79a">
         <name>.text:atan2f</name>
         <load_address>0x10e6c</load_address>
         <run_address>0x10e6c</run_address>
         <size>0x598</size>
         <input_file_ref idref="fl-52"/>
      </object_component>
      <object_component id="oc-a59">
         <name>.text:__TI_frcdivd</name>
         <load_address>0x11404</load_address>
         <run_address>0x11404</run_address>
         <size>0x466</size>
         <input_file_ref idref="fl-ad"/>
      </object_component>
      <object_component id="oc-5cd">
         <name>.text:ALT_Ctrl</name>
         <load_address>0x1186a</load_address>
         <run_address>0x1186a</run_address>
         <size>0x436</size>
         <input_file_ref idref="fl-7"/>
      </object_component>
      <object_component id="oc-98b">
         <name>.text:__mspabi_addd</name>
         <load_address>0x11ca0</load_address>
         <run_address>0x11ca0</run_address>
         <size>0x2e0</size>
         <input_file_ref idref="fl-a6"/>
      </object_component>
      <object_component id="oc-985">
         <name>.text:sqrt</name>
         <load_address>0x11f80</load_address>
         <run_address>0x11f80</run_address>
         <size>0x2de</size>
         <input_file_ref idref="fl-6b"/>
      </object_component>
      <object_component id="oc-5a9">
         <name>.text:MotorControl</name>
         <load_address>0x1225e</load_address>
         <run_address>0x1225e</run_address>
         <size>0x284</size>
         <input_file_ref idref="fl-6"/>
      </object_component>
      <object_component id="oc-9ad">
         <name>.text:__TI_frcmpyd</name>
         <load_address>0x124e2</load_address>
         <run_address>0x124e2</run_address>
         <size>0x280</size>
         <input_file_ref idref="fl-bb"/>
      </object_component>
      <object_component id="oc-5af">
         <name>.text:GetAngle</name>
         <load_address>0x12762</load_address>
         <run_address>0x12762</run_address>
         <size>0x274</size>
         <input_file_ref idref="fl-13"/>
      </object_component>
      <object_component id="oc-7a7">
         <name>.text:__mspabi_mpyd</name>
         <load_address>0x129d6</load_address>
         <run_address>0x129d6</run_address>
         <size>0x266</size>
         <input_file_ref idref="fl-ae"/>
      </object_component>
      <object_component id="oc-958">
         <name>.text:UpdatePID</name>
         <load_address>0x12c3c</load_address>
         <run_address>0x12c3c</run_address>
         <size>0x25a</size>
         <input_file_ref idref="fl-16"/>
      </object_component>
      <object_component id="oc-a51">
         <name>.text:__TI_frcaddd</name>
         <load_address>0x12e96</load_address>
         <run_address>0x12e96</run_address>
         <size>0x248</size>
         <input_file_ref idref="fl-ac"/>
      </object_component>
      <object_component id="oc-991">
         <name>.text:__mspabi_divd</name>
         <load_address>0x130de</load_address>
         <run_address>0x130de</run_address>
         <size>0x222</size>
         <input_file_ref idref="fl-a9"/>
      </object_component>
      <object_component id="oc-6aa">
         <name>.text:spl0601_get_calib_param</name>
         <load_address>0x13300</load_address>
         <run_address>0x13300</run_address>
         <size>0x220</size>
         <input_file_ref idref="fl-e"/>
      </object_component>
      <object_component id="oc-5c7">
         <name>.text:WZ_Fix_Calcu</name>
         <load_address>0x13520</load_address>
         <run_address>0x13520</run_address>
         <size>0x1ec</size>
         <input_file_ref idref="fl-a"/>
      </object_component>
      <object_component id="oc-5a3">
         <name>.text:FlightPidControl</name>
         <load_address>0x1370c</load_address>
         <run_address>0x1370c</run_address>
         <size>0x1ac</size>
         <input_file_ref idref="fl-6"/>
      </object_component>
      <object_component id="oc-6d8">
         <name>.text:NRF24L01Init</name>
         <load_address>0x138b8</load_address>
         <run_address>0x138b8</run_address>
         <size>0x1aa</size>
         <input_file_ref idref="fl-11"/>
      </object_component>
      <object_component id="oc-9c7">
         <name>.text:RCReceiveHandle</name>
         <load_address>0x13a62</load_address>
         <run_address>0x13a62</run_address>
         <size>0x1aa</size>
         <input_file_ref idref="fl-9"/>
      </object_component>
      <object_component id="oc-697">
         <name>.text:GetMPU6050Offset</name>
         <load_address>0x13c0c</load_address>
         <run_address>0x13c0c</run_address>
         <size>0x18c</size>
         <input_file_ref idref="fl-10"/>
      </object_component>
      <object_component id="oc-8d7">
         <name>.text:spl0601_get_pressure</name>
         <load_address>0x13d98</load_address>
         <run_address>0x13d98</run_address>
         <size>0x184</size>
         <input_file_ref idref="fl-e"/>
      </object_component>
      <object_component id="oc-7cd">
         <name>.text:AnalyRC</name>
         <load_address>0x13f1c</load_address>
         <run_address>0x13f1c</run_address>
         <size>0x152</size>
         <input_file_ref idref="fl-9"/>
      </object_component>
      <object_component id="oc-6b0">
         <name>.text:spl0601_rateset</name>
         <load_address>0x1406e</load_address>
         <run_address>0x1406e</run_address>
         <size>0x146</size>
         <input_file_ref idref="fl-e"/>
      </object_component>
      <object_component id="oc-58e">
         <name>.text:GetMPU6050Data</name>
         <load_address>0x141b4</load_address>
         <run_address>0x141b4</run_address>
         <size>0x138</size>
         <input_file_ref idref="fl-10"/>
      </object_component>
      <object_component id="oc-423">
         <name>.text:PollingLED</name>
         <load_address>0x142ec</load_address>
         <run_address>0x142ec</run_address>
         <size>0x132</size>
         <input_file_ref idref="fl-d"/>
      </object_component>
      <object_component id="oc-70f">
         <name>.text</name>
         <load_address>0x1441e</load_address>
         <run_address>0x1441e</run_address>
         <size>0x132</size>
         <input_file_ref idref="fl-71"/>
      </object_component>
      <object_component id="oc-5b5">
         <name>.text:PollingNRF</name>
         <load_address>0x14550</load_address>
         <run_address>0x14550</run_address>
         <size>0x120</size>
         <input_file_ref idref="fl-4"/>
      </object_component>
      <object_component id="oc-9fd">
         <name>.text:privateUCSSourceClockFromDCO</name>
         <load_address>0x14670</load_address>
         <run_address>0x14670</run_address>
         <size>0x108</size>
         <input_file_ref idref="fl-41"/>
      </object_component>
      <object_component id="oc-581">
         <name>.text:USART_Init</name>
         <load_address>0x14778</load_address>
         <run_address>0x14778</run_address>
         <size>0x100</size>
         <input_file_ref idref="fl-17"/>
      </object_component>
      <object_component id="oc-864">
         <name>.text:UCS_initFLL</name>
         <load_address>0x14878</load_address>
         <run_address>0x14878</run_address>
         <size>0xe2</size>
         <input_file_ref idref="fl-41"/>
      </object_component>
      <object_component id="oc-850">
         <name>.text:PMM_setVCoreUp</name>
         <load_address>0x1495a</load_address>
         <run_address>0x1495a</run_address>
         <size>0xe0</size>
         <input_file_ref idref="fl-33"/>
      </object_component>
      <object_component id="oc-86d">
         <name>.text:privateUCSComputeCLKFrequency</name>
         <load_address>0x14a3a</load_address>
         <run_address>0x14a3a</run_address>
         <size>0xde</size>
         <input_file_ref idref="fl-41"/>
      </object_component>
      <object_component id="oc-542">
         <name>.text:System_Clock_Init</name>
         <load_address>0x14b18</load_address>
         <run_address>0x14b18</run_address>
         <size>0xd8</size>
         <input_file_ref idref="fl-18"/>
      </object_component>
      <object_component id="oc-99d">
         <name>.text:__mspabi_cmpd</name>
         <load_address>0x14bf0</load_address>
         <run_address>0x14bf0</run_address>
         <size>0xd8</size>
         <input_file_ref idref="fl-a7"/>
      </object_component>
      <object_component id="oc-714">
         <name>.text:USCI_A_UART_init</name>
         <load_address>0x14cc8</load_address>
         <run_address>0x14cc8</run_address>
         <size>0xd6</size>
         <input_file_ref idref="fl-43"/>
      </object_component>
      <object_component id="oc-970">
         <name>.text:msp430_calc_recip</name>
         <load_address>0x14d9e</load_address>
         <run_address>0x14d9e</run_address>
         <size>0xd0</size>
         <input_file_ref idref="fl-54"/>
      </object_component>
      <object_component id="oc-57b">
         <name>.text:PID_Init</name>
         <load_address>0x14e6e</load_address>
         <run_address>0x14e6e</run_address>
         <size>0xc6</size>
         <input_file_ref idref="fl-5"/>
      </object_component>
      <object_component id="oc-55a">
         <name>.text:MPU6050Init</name>
         <load_address>0x14f34</load_address>
         <run_address>0x14f34</run_address>
         <size>0xc2</size>
         <input_file_ref idref="fl-10"/>
      </object_component>
      <object_component id="oc-6bc">
         <name>.text:Drv_Spl0601_Read</name>
         <load_address>0x14ff6</load_address>
         <run_address>0x14ff6</run_address>
         <size>0xb8</size>
         <input_file_ref idref="fl-e"/>
      </object_component>
      <object_component id="oc-700">
         <name>.text</name>
         <load_address>0x150ae</load_address>
         <run_address>0x150ae</run_address>
         <size>0xb8</size>
         <input_file_ref idref="fl-76"/>
      </object_component>
      <object_component id="oc-ac6">
         <name>.text:__TI_renormd</name>
         <load_address>0x15166</load_address>
         <run_address>0x15166</run_address>
         <size>0xb2</size>
         <input_file_ref idref="fl-b0"/>
      </object_component>
      <object_component id="oc-646">
         <name>.text:UCS_initClockSignal</name>
         <load_address>0x15218</load_address>
         <run_address>0x15218</run_address>
         <size>0xa6</size>
         <input_file_ref idref="fl-41"/>
      </object_component>
      <object_component id="oc-856">
         <name>.text:PMM_setVCoreDown</name>
         <load_address>0x152be</load_address>
         <run_address>0x152be</run_address>
         <size>0xa2</size>
         <input_file_ref idref="fl-33"/>
      </object_component>
      <object_component id="oc-a7a">
         <name>.text:RemoteUnlock</name>
         <load_address>0x15360</load_address>
         <run_address>0x15360</run_address>
         <size>0xa2</size>
         <input_file_ref idref="fl-9"/>
      </object_component>
      <object_component id="oc-a93">
         <name>.text:__mspabi_fltlid</name>
         <load_address>0x15402</load_address>
         <run_address>0x15402</run_address>
         <size>0x9e</size>
         <input_file_ref idref="fl-ab"/>
      </object_component>
      <object_component id="oc-780">
         <name>.text:ResetPID</name>
         <load_address>0x154a0</load_address>
         <run_address>0x154a0</run_address>
         <size>0x9a</size>
         <input_file_ref idref="fl-16"/>
      </object_component>
      <object_component id="oc-54e">
         <name>.text:Motor_Init</name>
         <load_address>0x1553a</load_address>
         <run_address>0x1553a</run_address>
         <size>0x92</size>
         <input_file_ref idref="fl-f"/>
      </object_component>
      <object_component id="oc-617">
         <name>.text:gcs_ReceiveHandle</name>
         <load_address>0x155cc</load_address>
         <run_address>0x155cc</run_address>
         <size>0x92</size>
         <input_file_ref idref="fl-c"/>
      </object_component>
      <object_component id="oc-6fb">
         <name>.text</name>
         <load_address>0x1565e</load_address>
         <run_address>0x1565e</run_address>
         <size>0x90</size>
         <input_file_ref idref="fl-73"/>
      </object_component>
      <object_component id="oc-566">
         <name>.text:NRF_Radio_Init</name>
         <load_address>0x156ee</load_address>
         <run_address>0x156ee</run_address>
         <size>0x8c</size>
         <input_file_ref idref="fl-4"/>
      </object_component>
      <object_component id="oc-757">
         <name>.text:Q_rsqrt</name>
         <load_address>0x1577a</load_address>
         <run_address>0x1577a</run_address>
         <size>0x8c</size>
         <input_file_ref idref="fl-15"/>
      </object_component>
      <object_component id="oc-7ad">
         <name>.text:__mspabi_cvtdf</name>
         <load_address>0x15806</load_address>
         <run_address>0x15806</run_address>
         <size>0x8c</size>
         <input_file_ref idref="fl-a5"/>
      </object_component>
      <object_component id="oc-8c4">
         <name>.text:spl0601_get_raw_temp</name>
         <load_address>0x15892</load_address>
         <run_address>0x15892</run_address>
         <size>0x8c</size>
         <input_file_ref idref="fl-e"/>
      </object_component>
      <object_component id="oc-4d3">
         <name>.text:PollingKernel</name>
         <load_address>0x1591e</load_address>
         <run_address>0x1591e</run_address>
         <size>0x8a</size>
         <input_file_ref idref="fl-8"/>
      </object_component>
      <object_component id="oc-793">
         <name>.text:UpdateMotor</name>
         <load_address>0x159a8</load_address>
         <run_address>0x159a8</run_address>
         <size>0x88</size>
         <input_file_ref idref="fl-f"/>
      </object_component>
      <object_component id="oc-8ca">
         <name>.text:spl0601_get_temperature</name>
         <load_address>0x15a30</load_address>
         <run_address>0x15a30</run_address>
         <size>0x84</size>
         <input_file_ref idref="fl-e"/>
      </object_component>
      <object_component id="oc-560">
         <name>.text:Drv_Spl0601_Init</name>
         <load_address>0x15ab4</load_address>
         <run_address>0x15ab4</run_address>
         <size>0x82</size>
         <input_file_ref idref="fl-e"/>
      </object_component>
      <object_component id="oc-6c2">
         <name>.text</name>
         <load_address>0x15b36</load_address>
         <run_address>0x15b36</run_address>
         <size>0x7e</size>
         <input_file_ref idref="fl-79"/>
      </object_component>
      <object_component id="oc-72c">
         <name>.text:Timer_B_initUpMode</name>
         <load_address>0x15bb4</load_address>
         <run_address>0x15bb4</run_address>
         <size>0x7c</size>
         <input_file_ref idref="fl-3e"/>
      </object_component>
      <object_component id="oc-8d1">
         <name>.text:spl0601_get_raw_pressure</name>
         <load_address>0x15c30</load_address>
         <run_address>0x15c30</run_address>
         <size>0x7c</size>
         <input_file_ref idref="fl-e"/>
      </object_component>
      <object_component id="oc-738">
         <name>.text:I2C_Read_Bytes</name>
         <load_address>0x15cac</load_address>
         <run_address>0x15cac</run_address>
         <size>0x76</size>
         <input_file_ref idref="fl-1b"/>
      </object_component>
      <object_component id="oc-7ea">
         <name>.text:UpdateToGCSLine2</name>
         <load_address>0x15d22</load_address>
         <run_address>0x15d22</run_address>
         <size>0x76</size>
         <input_file_ref idref="fl-c"/>
      </object_component>
      <object_component id="oc-6d">
         <name>.text:decompress:lzss:__TI_decompress_lzss</name>
         <load_address>0x15d98</load_address>
         <run_address>0x15d98</run_address>
         <size>0x76</size>
         <input_file_ref idref="fl-a4"/>
      </object_component>
      <object_component id="oc-8f6">
         <name>.text:Check</name>
         <load_address>0x15e0e</load_address>
         <run_address>0x15e0e</run_address>
         <size>0x74</size>
         <input_file_ref idref="fl-11"/>
      </object_component>
      <object_component id="oc-678">
         <name>.text:Timer_A_outputPWM</name>
         <load_address>0x15e82</load_address>
         <run_address>0x15e82</run_address>
         <size>0x72</size>
         <input_file_ref idref="fl-3d"/>
      </object_component>
      <object_component id="oc-5bb">
         <name>.text:PollingGCS</name>
         <load_address>0x15ef4</load_address>
         <run_address>0x15ef4</run_address>
         <size>0x70</size>
         <input_file_ref idref="fl-c"/>
      </object_component>
      <object_component id="oc-915">
         <name>.text:UpdateRxAddr</name>
         <load_address>0x15f64</load_address>
         <run_address>0x15f64</run_address>
         <size>0x6e</size>
         <input_file_ref idref="fl-11"/>
      </object_component>
      <object_component id="oc-91b">
         <name>.text:UpdateTxAddr</name>
         <load_address>0x15fd2</load_address>
         <run_address>0x15fd2</run_address>
         <size>0x6a</size>
         <input_file_ref idref="fl-11"/>
      </object_component>
      <object_component id="oc-7d3">
         <name>.text:deQueue</name>
         <load_address>0x1603c</load_address>
         <run_address>0x1603c</run_address>
         <size>0x6a</size>
         <input_file_ref idref="fl-b"/>
      </object_component>
      <object_component id="oc-7c7">
         <name>.text:enQueue</name>
         <load_address>0x160a6</load_address>
         <run_address>0x160a6</run_address>
         <size>0x6a</size>
         <input_file_ref idref="fl-b"/>
      </object_component>
      <object_component id="oc-744">
         <name>.text</name>
         <load_address>0x16110</load_address>
         <run_address>0x16110</run_address>
         <size>0x68</size>
         <input_file_ref idref="fl-78"/>
      </object_component>
      <object_component id="oc-79b">
         <name>.text:__mspabi_cvtfd</name>
         <load_address>0x16178</load_address>
         <run_address>0x16178</run_address>
         <size>0x66</size>
         <input_file_ref idref="fl-a8"/>
      </object_component>
      <object_component id="oc-a31">
         <name>.text:Flash_Write</name>
         <load_address>0x161de</load_address>
         <run_address>0x161de</run_address>
         <size>0x60</size>
         <input_file_ref idref="fl-1a"/>
      </object_component>
      <object_component id="oc-412">
         <name>.text</name>
         <load_address>0x1623e</load_address>
         <run_address>0x1623e</run_address>
         <size>0x58</size>
         <input_file_ref idref="fl-70"/>
      </object_component>
      <object_component id="oc-4fe">
         <name>.text:__TI_auto_init_nobinit_nopinit_hold_wdt:__TI_auto_init_nobinit_nopinit_hold_wdt</name>
         <load_address>0x16296</load_address>
         <run_address>0x16296</run_address>
         <size>0x54</size>
         <input_file_ref idref="fl-9c"/>
      </object_component>
      <object_component id="oc-62e">
         <name>.text:PMM_setVCore</name>
         <load_address>0x162ea</load_address>
         <run_address>0x162ea</run_address>
         <size>0x52</size>
         <input_file_ref idref="fl-33"/>
      </object_component>
      <object_component id="oc-4cd">
         <name>.text:Hardware_Init</name>
         <load_address>0x1633c</load_address>
         <run_address>0x1633c</run_address>
         <size>0x4e</size>
         <input_file_ref idref="fl-5"/>
      </object_component>
      <object_component id="oc-691">
         <name>.text:I2C_Read_Byte</name>
         <load_address>0x1638a</load_address>
         <run_address>0x1638a</run_address>
         <size>0x4e</size>
         <input_file_ref idref="fl-1b"/>
      </object_component>
      <object_component id="oc-594">
         <name>.text:WZ_Est_Calcu</name>
         <load_address>0x163d8</load_address>
         <run_address>0x163d8</run_address>
         <size>0x4e</size>
         <input_file_ref idref="fl-a"/>
      </object_component>
      <object_component id="oc-775">
         <name>.text</name>
         <load_address>0x16426</load_address>
         <run_address>0x16426</run_address>
         <size>0x4a</size>
         <input_file_ref idref="fl-72"/>
      </object_component>
      <object_component id="oc-7fc">
         <name>.text</name>
         <load_address>0x16470</load_address>
         <run_address>0x16470</run_address>
         <size>0x4a</size>
         <input_file_ref idref="fl-75"/>
      </object_component>
      <object_component id="oc-705">
         <name>.text</name>
         <load_address>0x164ba</load_address>
         <run_address>0x164ba</run_address>
         <size>0x46</size>
         <input_file_ref idref="fl-7a"/>
      </object_component>
      <object_component id="oc-9d7">
         <name>.text:U2_UCA1_Send</name>
         <load_address>0x16500</load_address>
         <run_address>0x16500</run_address>
         <size>0x44</size>
         <input_file_ref idref="fl-17"/>
      </object_component>
      <object_component id="oc-921">
         <name>.text:UpdateFreq</name>
         <load_address>0x16544</load_address>
         <run_address>0x16544</run_address>
         <size>0x44</size>
         <input_file_ref idref="fl-11"/>
      </object_component>
      <object_component id="oc-909">
         <name>.text:RxPacket</name>
         <load_address>0x16588</load_address>
         <run_address>0x16588</run_address>
         <size>0x40</size>
         <input_file_ref idref="fl-11"/>
      </object_component>
      <object_component id="oc-575">
         <name>.text:gcs_init</name>
         <load_address>0x165c8</load_address>
         <run_address>0x165c8</run_address>
         <size>0x40</size>
         <input_file_ref idref="fl-c"/>
      </object_component>
      <object_component id="oc-7f7">
         <name>.text</name>
         <load_address>0x16608</load_address>
         <run_address>0x16608</run_address>
         <size>0x40</size>
         <input_file_ref idref="fl-6f"/>
      </object_component>
      <object_component id="oc-5c1">
         <name>.text:UpdateSPL06Info</name>
         <load_address>0x16648</load_address>
         <run_address>0x16648</run_address>
         <size>0x3e</size>
         <input_file_ref idref="fl-e"/>
      </object_component>
      <object_component id="oc-8a6">
         <name>.text:l_asr_const</name>
         <load_address>0x16686</load_address>
         <run_address>0x16686</run_address>
         <size>0x3e</size>
         <input_file_ref idref="fl-6c"/>
      </object_component>
      <object_component id="oc-8b6">
         <name>.text:l_lsl_const</name>
         <load_address>0x166c4</load_address>
         <run_address>0x166c4</run_address>
         <size>0x3e</size>
         <input_file_ref idref="fl-93"/>
      </object_component>
      <object_component id="oc-8b1">
         <name>.text:l_lsr_const</name>
         <load_address>0x16702</load_address>
         <run_address>0x16702</run_address>
         <size>0x3e</size>
         <input_file_ref idref="fl-94"/>
      </object_component>
      <object_component id="oc-587">
         <name>.text:Timer_Init</name>
         <load_address>0x16740</load_address>
         <run_address>0x16740</run_address>
         <size>0x38</size>
         <input_file_ref idref="fl-1d"/>
      </object_component>
      <object_component id="oc-63a">
         <name>.text:UCS_turnOnLFXT1</name>
         <load_address>0x16778</load_address>
         <run_address>0x16778</run_address>
         <size>0x38</size>
         <input_file_ref idref="fl-41"/>
      </object_component>
      <object_component id="oc-685">
         <name>.text:delay_ms</name>
         <load_address>0x167b0</load_address>
         <run_address>0x167b0</run_address>
         <size>0x38</size>
         <input_file_ref idref="fl-19"/>
      </object_component>
      <object_component id="oc-68b">
         <name>.text:I2C_Write_Byte</name>
         <load_address>0x167e8</load_address>
         <run_address>0x167e8</run_address>
         <size>0x36</size>
         <input_file_ref idref="fl-1b"/>
      </object_component>
      <object_component id="oc-64c">
         <name>.text:UCS_initFLLSettle</name>
         <load_address>0x1681e</load_address>
         <run_address>0x1681e</run_address>
         <size>0x36</size>
         <input_file_ref idref="fl-41"/>
      </object_component>
      <object_component id="oc-73e">
         <name>.text</name>
         <load_address>0x16854</load_address>
         <run_address>0x16854</run_address>
         <size>0x36</size>
         <input_file_ref idref="fl-74"/>
      </object_component>
      <object_component id="oc-a22">
         <name>.text:GPIO_setAsInputPin</name>
         <load_address>0x1688a</load_address>
         <run_address>0x1688a</run_address>
         <size>0x34</size>
         <input_file_ref idref="fl-2c"/>
      </object_component>
      <object_component id="oc-640">
         <name>.text:UCS_turnOnXT2</name>
         <load_address>0x168be</load_address>
         <run_address>0x168be</run_address>
         <size>0x34</size>
         <input_file_ref idref="fl-41"/>
      </object_component>
      <object_component id="oc-886">
         <name>.text:IIC_SendByte</name>
         <load_address>0x168f2</load_address>
         <run_address>0x168f2</run_address>
         <size>0x32</size>
         <input_file_ref idref="fl-1b"/>
      </object_component>
      <object_component id="oc-7d9">
         <name>.text:NRF24L01TxPacket</name>
         <load_address>0x16924</load_address>
         <run_address>0x16924</run_address>
         <size>0x32</size>
         <input_file_ref idref="fl-11"/>
      </object_component>
      <object_component id="oc-7c1">
         <name>.text:ReadBuf</name>
         <load_address>0x16956</load_address>
         <run_address>0x16956</run_address>
         <size>0x32</size>
         <input_file_ref idref="fl-11"/>
      </object_component>
      <object_component id="oc-97f">
         <name>.text:__mspabi_subd</name>
         <load_address>0x16988</load_address>
         <run_address>0x16988</run_address>
         <size>0x32</size>
         <input_file_ref idref="fl-b1"/>
      </object_component>
      <object_component id="oc-6f6">
         <name>.text</name>
         <load_address>0x169ba</load_address>
         <run_address>0x169ba</run_address>
         <size>0x32</size>
         <input_file_ref idref="fl-7b"/>
      </object_component>
      <object_component id="oc-aaf">
         <name>.text:FlashCtl_write8</name>
         <load_address>0x169ec</load_address>
         <run_address>0x169ec</run_address>
         <size>0x30</size>
         <input_file_ref idref="fl-2b"/>
      </object_component>
      <object_component id="oc-903">
         <name>.text:SPI_RW</name>
         <load_address>0x16a1c</load_address>
         <run_address>0x16a1c</run_address>
         <size>0x30</size>
         <input_file_ref idref="fl-1c"/>
      </object_component>
      <object_component id="oc-8fd">
         <name>.text:WriteBuf</name>
         <load_address>0x16a4c</load_address>
         <run_address>0x16a4c</run_address>
         <size>0x30</size>
         <input_file_ref idref="fl-11"/>
      </object_component>
      <object_component id="oc-77a">
         <name>.text:ClacCascadePID</name>
         <load_address>0x16a7c</load_address>
         <run_address>0x16a7c</run_address>
         <size>0x2e</size>
         <input_file_ref idref="fl-16"/>
      </object_component>
      <object_component id="oc-520">
         <name>.text:ZKHD_Link_Handle</name>
         <load_address>0x16aaa</load_address>
         <run_address>0x16aaa</run_address>
         <size>0x2e</size>
         <input_file_ref idref="fl-3"/>
      </object_component>
      <object_component id="oc-997">
         <name>.text:__mspabi_negd</name>
         <load_address>0x16ad8</load_address>
         <run_address>0x16ad8</run_address>
         <size>0x2e</size>
         <input_file_ref idref="fl-af"/>
      </object_component>
      <object_component id="oc-9bf">
         <name>.text</name>
         <load_address>0x16b06</load_address>
         <run_address>0x16b06</run_address>
         <size>0x2c</size>
         <input_file_ref idref="fl-6d"/>
      </object_component>
      <object_component id="oc-899">
         <name>.text:IIC_RecvByte</name>
         <load_address>0x16b32</load_address>
         <run_address>0x16b32</run_address>
         <size>0x2a</size>
         <input_file_ref idref="fl-1b"/>
      </object_component>
      <object_component id="oc-41d">
         <name>.text:PollingUSART</name>
         <load_address>0x16b5c</load_address>
         <run_address>0x16b5c</run_address>
         <size>0x2a</size>
         <input_file_ref idref="fl-17"/>
      </object_component>
      <object_component id="oc-8ea">
         <name>.text:GPIO_setAsOutputPin</name>
         <load_address>0x16b86</load_address>
         <run_address>0x16b86</run_address>
         <size>0x28</size>
         <input_file_ref idref="fl-2c"/>
      </object_component>
      <object_component id="oc-628">
         <name>.text:GPIO_setAsPeripheralModuleFunctionInputPin</name>
         <load_address>0x16bae</load_address>
         <run_address>0x16bae</run_address>
         <size>0x28</size>
         <input_file_ref idref="fl-2c"/>
      </object_component>
      <object_component id="oc-66f">
         <name>.text:GPIO_setAsPeripheralModuleFunctionOutputPin</name>
         <load_address>0x16bd6</load_address>
         <run_address>0x16bd6</run_address>
         <size>0x28</size>
         <input_file_ref idref="fl-2c"/>
      </object_component>
      <object_component id="oc-88c">
         <name>.text:IIC_RecvACK</name>
         <load_address>0x16bfe</load_address>
         <run_address>0x16bfe</run_address>
         <size>0x28</size>
         <input_file_ref idref="fl-1b"/>
      </object_component>
      <object_component id="oc-89f">
         <name>.text:IIC_SendACK</name>
         <load_address>0x16c26</load_address>
         <run_address>0x16c26</run_address>
         <size>0x28</size>
         <input_file_ref idref="fl-1b"/>
      </object_component>
      <object_component id="oc-7f0">
         <name>.text:UpdateUSBQueue</name>
         <load_address>0x16c4e</load_address>
         <run_address>0x16c4e</run_address>
         <size>0x28</size>
         <input_file_ref idref="fl-c"/>
      </object_component>
      <object_component id="oc-6cc">
         <name>.text:memcmp</name>
         <load_address>0x16c76</load_address>
         <run_address>0x16c76</run_address>
         <size>0x26</size>
[...]
         <object_component_ref idref="oc-7a1"/>
      </symbol>
      <symbol id="sm-b1a">
         <name>sqrtl</name>
         <value>0x11f80</value>
         <object_component_ref idref="oc-985"/>
      </symbol>
      <symbol id="sm-b1b">
         <name>sqrt</name>
         <value>0x11f80</value>
         <object_component_ref idref="oc-985"/>
      </symbol>
      <symbol id="sm-b2b">
         <name>__mspabi_sral</name>
         <value>0x17012</value>
         <object_component_ref idref="oc-ac1"/>
      </symbol>
      <symbol id="sm-b2c">
         <name>__mspabi_sral_15</name>
         <value>0x16686</value>
         <object_component_ref idref="oc-8a6"/>
      </symbol>
      <symbol id="sm-b2d">
         <name>__mspabi_sral_14</name>
         <value>0x1668a</value>
         <object_component_ref idref="oc-8a6"/>
      </symbol>
      <symbol id="sm-b2e">
         <name>__mspabi_sral_13</name>
         <value>0x1668e</value>
         <object_component_ref idref="oc-8a6"/>
      </symbol>
      <symbol id="sm-b2f">
         <name>__mspabi_sral_12</name>
         <value>0x16692</value>
         <object_component_ref idref="oc-8a6"/>
      </symbol>
      <symbol id="sm-b30">
         <name>__mspabi_sral_11</name>
         <value>0x16696</value>
         <object_component_ref idref="oc-8a6"/>
      </symbol>
      <symbol id="sm-b31">
         <name>__mspabi_sral_10</name>
         <value>0x1669a</value>
         <object_component_ref idref="oc-8a6"/>
      </symbol>
      <symbol id="sm-b32">
         <name>__mspabi_sral_8</name>
         <value>0x166a2</value>
         <object_component_ref idref="oc-8a6"/>
      </symbol>
      <symbol id="sm-b33">
         <name>__mspabi_sral_9</name>
         <value>0x1669e</value>
         <object_component_ref idref="oc-8a6"/>
      </symbol>
      <symbol id="sm-b34">
         <name>__mspabi_sral_6</name>
         <value>0x166aa</value>
         <object_component_ref idref="oc-8a6"/>
      </symbol>
      <symbol id="sm-b35">
         <name>__mspabi_sral_7</name>
         <value>0x166a6</value>
         <object_component_ref idref="oc-8a6"/>
      </symbol>
      <symbol id="sm-b36">
         <name>__mspabi_sral_4</name>
         <value>0x166b2</value>
         <object_component_ref idref="oc-8a6"/>
      </symbol>
      <symbol id="sm-b37">
         <name>__mspabi_sral_5</name>
         <value>0x166ae</value>
         <object_component_ref idref="oc-8a6"/>
      </symbol>
      <symbol id="sm-b38">
         <name>__mspabi_sral_2</name>
         <value>0x166ba</value>
         <object_component_ref idref="oc-8a6"/>
      </symbol>
      <symbol id="sm-b39">
         <name>__mspabi_sral_3</name>
         <value>0x166b6</value>
         <object_component_ref idref="oc-8a6"/>
      </symbol>
      <symbol id="sm-b3a">
         <name>__mspabi_sral_1</name>
         <value>0x166be</value>
         <object_component_ref idref="oc-8a6"/>
      </symbol>
      <symbol id="sm-b46">
         <name>__mspabi_remi</name>
         <value>0x16b06</value>
         <object_component_ref idref="oc-9bf"/>
      </symbol>
      <symbol id="sm-b47">
         <name>__mspabi_divi</name>
         <value>0x16b06</value>
         <object_component_ref idref="oc-9bf"/>
      </symbol>
      <symbol id="sm-b51">
         <name>__mspabi_remu</name>
         <value>0x16f9e</value>
         <object_component_ref idref="oc-4ae"/>
      </symbol>
      <symbol id="sm-b52">
         <name>__mspabi_divu</name>
         <value>0x16f9e</value>
         <object_component_ref idref="oc-4ae"/>
      </symbol>
      <symbol id="sm-b5e">
         <name>__mspabi_remli</name>
         <value>0x16608</value>
         <object_component_ref idref="oc-7f7"/>
      </symbol>
      <symbol id="sm-b5f">
         <name>__mspabi_divli</name>
         <value>0x16608</value>
         <object_component_ref idref="oc-7f7"/>
      </symbol>
      <symbol id="sm-b6d">
         <name>__mspabi_remul</name>
         <value>0x1623e</value>
         <object_component_ref idref="oc-412"/>
      </symbol>
      <symbol id="sm-b6e">
         <name>__mspabi_divul</name>
         <value>0x1623e</value>
         <object_component_ref idref="oc-412"/>
      </symbol>
      <symbol id="sm-b89">
         <name>__mspabi_subf</name>
         <value>0x1441e</value>
         <object_component_ref idref="oc-70f"/>
      </symbol>
      <symbol id="sm-b8a">
         <name>__mspabi_addf</name>
         <value>0x14424</value>
         <object_component_ref idref="oc-70f"/>
      </symbol>
      <symbol id="sm-b9a">
         <name>__mspabi_cmpf</name>
         <value>0x16426</value>
         <object_component_ref idref="oc-775"/>
      </symbol>
      <symbol id="sm-bac">
         <name>__mspabi_divf</name>
         <value>0x1565e</value>
         <object_component_ref idref="oc-6fb"/>
      </symbol>
      <symbol id="sm-bb9">
         <name>__mspabi_fltif</name>
         <value>0x16854</value>
         <object_component_ref idref="oc-73e"/>
      </symbol>
      <symbol id="sm-bc8">
         <name>__mspabi_fltlif</name>
         <value>0x16470</value>
         <object_component_ref idref="oc-7fc"/>
      </symbol>
      <symbol id="sm-bdf">
         <name>__mspabi_mpyf</name>
         <value>0x150ae</value>
         <object_component_ref idref="oc-700"/>
      </symbol>
      <symbol id="sm-be8">
         <name>__mspabi_negf</name>
         <value>0x170a4</value>
         <object_component_ref idref="oc-762"/>
      </symbol>
      <symbol id="sm-bfa">
         <name>__mspabi_fixfi</name>
         <value>0x16110</value>
         <object_component_ref idref="oc-744"/>
      </symbol>
      <symbol id="sm-c0d">
         <name>__mspabi_fixfli</name>
         <value>0x15b36</value>
         <object_component_ref idref="oc-6c2"/>
      </symbol>
      <symbol id="sm-c1c">
         <name>__mspabi_fixfu</name>
         <value>0x164ba</value>
         <object_component_ref idref="oc-705"/>
      </symbol>
      <symbol id="sm-c28">
         <name>__mspabi_fltulf</name>
         <value>0x169ba</value>
         <object_component_ref idref="oc-6f6"/>
      </symbol>
      <symbol id="sm-c33">
         <name>__mspabi_fltuf</name>
         <value>0x16d2c</value>
         <object_component_ref idref="oc-70a"/>
      </symbol>
      <symbol id="sm-c36">
         <name>__TI_int41</name>
         <value>0xffd2</value>
         <object_component_ref idref="oc-79"/>
      </symbol>
      <symbol id="sm-c39">
         <name>__TI_int42</name>
         <value>0xffd4</value>
         <object_component_ref idref="oc-7a"/>
      </symbol>
      <symbol id="sm-c3c">
         <name>__TI_int43</name>
         <value>0xffd6</value>
         <object_component_ref idref="oc-7b"/>
      </symbol>
      <symbol id="sm-c3f">
         <name>__TI_int44</name>
         <value>0xffd8</value>
         <object_component_ref idref="oc-7c"/>
      </symbol>
      <symbol id="sm-c42">
         <name>__TI_int45</name>
         <value>0xffda</value>
         <object_component_ref idref="oc-7d"/>
      </symbol>
      <symbol id="sm-c45">
         <name>__TI_int47</name>
         <value>0xffde</value>
         <object_component_ref idref="oc-7f"/>
      </symbol>
      <symbol id="sm-c48">
         <name>__TI_int48</name>
         <value>0xffe0</value>
         <object_component_ref idref="oc-80"/>
      </symbol>
      <symbol id="sm-c4b">
         <name>__TI_int49</name>
         <value>0xffe2</value>
         <object_component_ref idref="oc-81"/>
      </symbol>
      <symbol id="sm-c4e">
         <name>__TI_int50</name>
         <value>0xffe4</value>
         <object_component_ref idref="oc-82"/>
      </symbol>
      <symbol id="sm-c51">
         <name>__TI_int51</name>
         <value>0xffe6</value>
         <object_component_ref idref="oc-83"/>
      </symbol>
      <symbol id="sm-c54">
         <name>__TI_int52</name>
         <value>0xffe8</value>
         <object_component_ref idref="oc-84"/>
      </symbol>
      <symbol id="sm-c57">
         <name>__TI_int53</name>
         <value>0xffea</value>
         <object_component_ref idref="oc-85"/>
      </symbol>
      <symbol id="sm-c5a">
         <name>__TI_int54</name>
         <value>0xffec</value>
         <object_component_ref idref="oc-86"/>
      </symbol>
      <symbol id="sm-c5d">
         <name>__TI_int55</name>
         <value>0xffee</value>
         <object_component_ref idref="oc-87"/>
      </symbol>
      <symbol id="sm-c60">
         <name>__TI_int56</name>
         <value>0xfff0</value>
         <object_component_ref idref="oc-88"/>
      </symbol>
      <symbol id="sm-c63">
         <name>__TI_int57</name>
         <value>0xfff2</value>
         <object_component_ref idref="oc-89"/>
      </symbol>
      <symbol id="sm-c66">
         <name>__TI_int58</name>
         <value>0xfff4</value>
         <object_component_ref idref="oc-8a"/>
      </symbol>
      <symbol id="sm-c69">
         <name>__TI_int60</name>
         <value>0xfff8</value>
         <object_component_ref idref="oc-8c"/>
      </symbol>
      <symbol id="sm-c6c">
         <name>__TI_int61</name>
         <value>0xfffa</value>
         <object_component_ref idref="oc-8d"/>
      </symbol>
      <symbol id="sm-c6f">
         <name>__TI_int62</name>
         <value>0xfffc</value>
         <object_component_ref idref="oc-8e"/>
      </symbol>
      <symbol id="sm-c77">
         <name>__TI_ISR_TRAP</name>
         <value>0x4516</value>
         <object_component_ref idref="oc-399"/>
      </symbol>
      <symbol id="sm-c80">
         <name>__mspabi_slli</name>
         <value>0x170ae</value>
         <object_component_ref idref="oc-a8b"/>
      </symbol>
      <symbol id="sm-c90">
         <name>__mspabi_slll_9</name>
         <value>0x166dc</value>
         <object_component_ref idref="oc-8b6"/>
      </symbol>
      <symbol id="sm-c91">
         <name>__mspabi_slll_8</name>
         <value>0x166e0</value>
         <object_component_ref idref="oc-8b6"/>
      </symbol>
      <symbol id="sm-c92">
         <name>__mspabi_slll_7</name>
         <value>0x166e4</value>
         <object_component_ref idref="oc-8b6"/>
      </symbol>
      <symbol id="sm-c93">
         <name>__mspabi_slll_6</name>
         <value>0x166e8</value>
         <object_component_ref idref="oc-8b6"/>
      </symbol>
      <symbol id="sm-c94">
         <name>__mspabi_slll_5</name>
         <value>0x166ec</value>
         <object_component_ref idref="oc-8b6"/>
      </symbol>
      <symbol id="sm-c95">
         <name>__mspabi_slll_4</name>
         <value>0x166f0</value>
         <object_component_ref idref="oc-8b6"/>
      </symbol>
      <symbol id="sm-c96">
         <name>__mspabi_slll_3</name>
         <value>0x166f4</value>
         <object_component_ref idref="oc-8b6"/>
      </symbol>
      <symbol id="sm-c97">
         <name>__mspabi_slll_2</name>
         <value>0x166f8</value>
         <object_component_ref idref="oc-8b6"/>
      </symbol>
      <symbol id="sm-c98">
         <name>__mspabi_slll_1</name>
         <value>0x166fc</value>
         <object_component_ref idref="oc-8b6"/>
      </symbol>
      <symbol id="sm-c99">
         <name>__mspabi_slll</name>
         <value>0x17022</value>
         <object_component_ref idref="oc-a4a"/>
      </symbol>
      <symbol id="sm-c9a">
         <name>__mspabi_slll_15</name>
         <value>0x166c4</value>
         <object_component_ref idref="oc-8b6"/>
      </symbol>
      <symbol id="sm-c9b">
         <name>__mspabi_slll_14</name>
         <value>0x166c8</value>
         <object_component_ref idref="oc-8b6"/>
      </symbol>
      <symbol id="sm-c9c">
         <name>__mspabi_slll_13</name>
         <value>0x166cc</value>
         <object_component_ref idref="oc-8b6"/>
      </symbol>
      <symbol id="sm-c9d">
         <name>__mspabi_slll_12</name>
         <value>0x166d0</value>
         <object_component_ref idref="oc-8b6"/>
      </symbol>
      <symbol id="sm-c9e">
         <name>__mspabi_slll_11</name>
         <value>0x166d4</value>
         <object_component_ref idref="oc-8b6"/>
      </symbol>
      <symbol id="sm-c9f">
         <name>__mspabi_slll_10</name>
         <value>0x166d8</value>
         <object_component_ref idref="oc-8b6"/>
      </symbol>
      <symbol id="sm-caf">
         <name>__mspabi_srll_8</name>
         <value>0x1671e</value>
         <object_component_ref idref="oc-8b1"/>
      </symbol>
      <symbol id="sm-cb0">
         <name>__mspabi_srll_9</name>
         <value>0x1671a</value>
         <object_component_ref idref="oc-8b1"/>
      </symbol>
      <symbol id="sm-cb1">
         <name>__mspabi_srll_6</name>
         <value>0x16726</value>
         <object_component_ref idref="oc-8b1"/>
      </symbol>
      <symbol id="sm-cb2">
         <name>__mspabi_srll_7</name>
         <value>0x16722</value>
         <object_component_ref idref="oc-8b1"/>
      </symbol>
      <symbol id="sm-cb3">
         <name>__mspabi_srll_4</name>
         <value>0x1672e</value>
         <object_component_ref idref="oc-8b1"/>
      </symbol>
      <symbol id="sm-cb4">
         <name>__mspabi_srll_5</name>
         <value>0x1672a</value>
         <object_component_ref idref="oc-8b1"/>
      </symbol>
      <symbol id="sm-cb5">
         <name>__mspabi_srll_2</name>
         <value>0x16736</value>
         <object_component_ref idref="oc-8b1"/>
      </symbol>
      <symbol id="sm-cb6">
         <name>__mspabi_srll_3</name>
         <value>0x16732</value>
         <object_component_ref idref="oc-8b1"/>
      </symbol>
      <symbol id="sm-cb7">
         <name>__mspabi_srll_1</name>
         <value>0x1673a</value>
         <object_component_ref idref="oc-8b1"/>
      </symbol>
      <symbol id="sm-cb8">
         <name>__mspabi_srll_15</name>
         <value>0x16702</value>
         <object_component_ref idref="oc-8b1"/>
      </symbol>
      <symbol id="sm-cb9">
         <name>__mspabi_srll_14</name>
         <value>0x16706</value>
         <object_component_ref idref="oc-8b1"/>
      </symbol>
      <symbol id="sm-cba">
         <name>__mspabi_srll_13</name>
         <value>0x1670a</value>
         <object_component_ref idref="oc-8b1"/>
      </symbol>
      <symbol id="sm-cbb">
         <name>__mspabi_srll_12</name>
         <value>0x1670e</value>
         <object_component_ref idref="oc-8b1"/>
      </symbol>
      <symbol id="sm-cbc">
         <name>__mspabi_srll_11</name>
         <value>0x16712</value>
         <object_component_ref idref="oc-8b1"/>
      </symbol>
      <symbol id="sm-cbd">
         <name>__mspabi_srll_10</name>
         <value>0x16716</value>
         <object_component_ref idref="oc-8b1"/>
      </symbol>
      <symbol id="sm-cbe">
         <name>__mspabi_srll</name>
         <value>0x17032</value>
         <object_component_ref idref="oc-974"/>
      </symbol>
      <symbol id="sm-cc6">
         <name>__mspabi_mpyi_f5hw</name>
         <value>0x16f2e</value>
         <object_component_ref idref="oc-83f"/>
      </symbol>
      <symbol id="sm-cd0">
         <name>__mspabi_mpyl_f5hw</name>
         <value>0x16d50</value>
         <object_component_ref idref="oc-a6c"/>
      </symbol>
      <symbol id="sm-ce2">
         <name>_stack</name>
         <value>0x4360</value>
         <object_component_ref idref="oc-37d"/>
      </symbol>
      <symbol id="sm-ce3">
         <name>_c_int00_noargs</name>
         <value>0x44fa</value>
         <object_component_ref idref="oc-3bc"/>
      </symbol>
      <symbol id="sm-ce4">
         <name>_reset_vector</name>
         <value>0xfffe</value>
         <object_component_ref idref="oc-380"/>
      </symbol>
      <symbol id="sm-d07">
         <name>__TI_auto_init_nobinit_nopinit_hold_wdt</name>
         <value>0x16296</value>
         <object_component_ref idref="oc-4fe"/>
      </symbol>
      <symbol id="sm-d1a">
         <name>__TI_zero_init</name>
         <value>0x16d08</value>
         <object_component_ref idref="oc-3b0"/>
      </symbol>
      <symbol id="sm-d26">
         <name>_system_pre_init</name>
         <value>0x170d6</value>
         <object_component_ref idref="oc-43d"/>
      </symbol>
      <symbol id="sm-d2f">
         <name>_system_post_cinit</name>
         <value>0x170da</value>
         <object_component_ref idref="oc-5e6"/>
      </symbol>
      <symbol id="sm-d40">
         <name>__TI_decompress_none</name>
         <value>0x17000</value>
         <object_component_ref idref="oc-73"/>
      </symbol>
      <symbol id="sm-d63">
         <name>__TI_decompress_lzss</name>
         <value>0x15d98</value>
         <object_component_ref idref="oc-6d"/>
      </symbol>
      <symbol id="sm-d7b">
         <name>__mspabi_cvtdf</name>
         <value>0x15806</value>
         <object_component_ref idref="oc-7ad"/>
      </symbol>
      <symbol id="sm-da2">
         <name>__mspabi_addd</name>
         <value>0x11ca0</value>
         <object_component_ref idref="oc-98b"/>
      </symbol>
      <symbol id="sm-dbc">
         <name>__mspabi_cmpd</name>
         <value>0x14bf0</value>
         <object_component_ref idref="oc-99d"/>
      </symbol>
      <symbol id="sm-dca">
         <name>__mspabi_cvtfd</name>
         <value>0x16178</value>
         <object_component_ref idref="oc-79b"/>
      </symbol>
      <symbol id="sm-deb">
         <name>__mspabi_divd</name>
         <value>0x130de</value>
         <object_component_ref idref="oc-991"/>
      </symbol>
      <symbol id="sm-df4">
         <name>__mspabi_fltid</name>
         <value>0x17076</value>
         <object_component_ref idref="oc-a16"/>
      </symbol>
      <symbol id="sm-e0c">
         <name>__mspabi_fltlid</name>
         <value>0x15402</value>
         <object_component_ref idref="oc-a93"/>
      </symbol>
      <symbol id="sm-e2d">
         <name>__TI_frcaddd</name>
         <value>0x12e96</value>
         <object_component_ref idref="oc-a51"/>
      </symbol>
      <symbol id="sm-e48">
         <name>__TI_frcdivd</name>
         <value>0x11404</value>
         <object_component_ref idref="oc-a59"/>
      </symbol>
      <symbol id="sm-e69">
         <name>__mspabi_mpyd</name>
         <value>0x129d6</value>
         <object_component_ref idref="oc-7a7"/>
      </symbol>
      <symbol id="sm-e72">
         <name>__mspabi_negd</name>
         <value>0x16ad8</value>
         <object_component_ref idref="oc-997"/>
      </symbol>
      <symbol id="sm-e86">
         <name>__TI_renormd</name>
         <value>0x15166</value>
         <object_component_ref idref="oc-ac6"/>
      </symbol>
      <symbol id="sm-e8f">
         <name>__mspabi_subd</name>
         <value>0x16988</value>
         <object_component_ref idref="oc-97f"/>
      </symbol>
      <symbol id="sm-e96">
         <name>errno</name>
         <value>0x2f64</value>
         <object_component_ref idref="oc-9a3"/>
      </symbol>
      <symbol id="sm-ea0">
         <name>C$$EXIT</name>
         <value>0x170d0</value>
         <object_component_ref idref="oc-4da"/>
      </symbol>
      <symbol id="sm-ea1">
         <name>abort</name>
         <value>0x170d0</value>
         <object_component_ref idref="oc-4da"/>
      </symbol>
      <symbol id="sm-eb2">
         <name>memcmp</name>
         <value>0x16c76</value>
         <object_component_ref idref="oc-6cc"/>
      </symbol>
      <symbol id="sm-ec0">
         <name>memcpy</name>
         <value>0x16fc8</value>
         <object_component_ref idref="oc-38c"/>
      </symbol>
      <symbol id="sm-ece">
         <name>memset</name>
         <value>0x16f88</value>
         <object_component_ref idref="oc-78d"/>
      </symbol>
      <symbol id="sm-ee0">
         <name>__TI_frcmpyd</name>
         <value>0x124e2</value>
         <object_component_ref idref="oc-9ad"/>
      </symbol>
      <symbol id="sm-ee2">
         <name>ZKHD_Link_GCS_To_FMU_Handle</name>
         <value>0x155cc</value>
      </symbol>
   </symbol_table>
   <title>Link successful</title>
</link_info>
