******************************************************************************
                  MSP430 Linker PC v18.1.4                     
******************************************************************************
>> Linked Sat May  4 14:21:52 2019

OUTPUT FILE NAME:   <feiKong_011.out>
ENTRY POINT SYMBOL: "_c_int00_noargs"  address: 000044fa


MEMORY CONFIGURATION

         name            origin    length      used     unused   attr    fill
----------------------  --------  ---------  --------  --------  ----  --------
  SFR                   00000000   00000010  00000000  00000010  RWIX
  PERIPHERALS_8BIT      00000010   000000f0  00000000  000000f0  RWIX
  PERIPHERALS_16BIT     00000100   00000100  00000000  00000100  RWIX
  INFOD                 00001800   00000080  00000000  00000080  RWIX
  INFOC                 00001880   00000080  00000000  00000080  RWIX
  INFOB                 00001900   00000080  00000000  00000080  RWIX
  INFOA                 00001980   00000080  00000000  00000080  RWIX
  USBRAM                00001c00   00000800  00000000  00000800  RWIX
  RAM                   00002400   00002000  00000c06  000013fa  RWIX
  FLASH                 00004400   0000bb80  0000025d  0000b923  RWIX
  INT00                 0000ff80   00000002  00000000  00000002  RWIX
  INT01                 0000ff82   00000002  00000000  00000002  RWIX
  INT02                 0000ff84   00000002  00000000  00000002  RWIX
  INT03                 0000ff86   00000002  00000000  00000002  RWIX
  INT04                 0000ff88   00000002  00000000  00000002  RWIX
  INT05                 0000ff8a   00000002  00000000  00000002  RWIX
  INT06                 0000ff8c   00000002  00000000  00000002  RWIX
  INT07                 0000ff8e   00000002  00000000  00000002  RWIX
  INT08                 0000ff90   00000002  00000000  00000002  RWIX
  INT09                 0000ff92   00000002  00000000  00000002  RWIX
  INT10                 0000ff94   00000002  00000000  00000002  RWIX
  INT11                 0000ff96   00000002  00000000  00000002  RWIX
  INT12                 0000ff98   00000002  00000000  00000002  RWIX
  INT13                 0000ff9a   00000002  00000000  00000002  RWIX
  INT14                 0000ff9c   00000002  00000000  00000002  RWIX
  INT15                 0000ff9e   00000002  00000000  00000002  RWIX
  INT16                 0000ffa0   00000002  00000000  00000002  RWIX
  INT17                 0000ffa2   00000002  00000000  00000002  RWIX
  INT18                 0000ffa4   00000002  00000000  00000002  RWIX
  INT19                 0000ffa6   00000002  00000000  00000002  RWIX
  INT20                 0000ffa8   00000002  00000000  00000002  RWIX
  INT21                 0000ffaa   00000002  00000000  00000002  RWIX
  INT22                 0000ffac   00000002  00000000  00000002  RWIX
  INT23                 0000ffae   00000002  00000000  00000002  RWIX
  INT24                 0000ffb0   00000002  00000000  00000002  RWIX
  INT25                 0000ffb2   00000002  00000000  00000002  RWIX
  INT26                 0000ffb4   00000002  00000000  00000002  RWIX
  INT27                 0000ffb6   00000002  00000000  00000002  RWIX
  INT28                 0000ffb8   00000002  00000000  00000002  RWIX
  INT29                 0000ffba   00000002  00000000  00000002  RWIX
  INT30                 0000ffbc   00000002  00000000  00000002  RWIX
  INT31                 0000ffbe   00000002  00000000  00000002  RWIX
  INT32                 0000ffc0   00000002  00000000  00000002  RWIX
  INT33                 0000ffc2   00000002  00000000  00000002  RWIX
  INT34                 0000ffc4   00000002  00000000  00000002  RWIX
  INT35                 0000ffc6   00000002  00000000  00000002  RWIX
  INT36                 0000ffc8   00000002  00000000  00000002  RWIX
  INT37                 0000ffca   00000002  00000000  00000002  RWIX
  INT38                 0000ffcc   00000002  00000000  00000002  RWIX
  INT39                 0000ffce   00000002  00000000  00000002  RWIX
  INT40                 0000ffd0   00000002  00000000  00000002  RWIX
  INT41                 0000ffd2   00000002  00000002  00000000  RWIX
  INT42                 0000ffd4   00000002  00000002  00000000  RWIX
  INT43                 0000ffd6   00000002  00000002  00000000  RWIX
  INT44                 0000ffd8   00000002  00000002  00000000  RWIX
  INT45                 0000ffda   00000002  00000002  00000000  RWIX
  INT46                 0000ffdc   00000002  00000002  00000000  RWIX
  INT47                 0000ffde   00000002  00000002  00000000  RWIX
  INT48                 0000ffe0   00000002  00000002  00000000  RWIX
  INT49                 0000ffe2   00000002  00000002  00000000  RWIX
  INT50                 0000ffe4   00000002  00000002  00000000  RWIX
  INT51                 0000ffe6   00000002  00000002  00000000  RWIX
  INT52                 0000ffe8   00000002  00000002  00000000  RWIX
  INT53                 0000ffea   00000002  00000002  00000000  RWIX
  INT54                 0000ffec   00000002  00000002  00000000  RWIX
  INT55                 0000ffee   00000002  00000002  00000000  RWIX
  INT56                 0000fff0   00000002  00000002  00000000  RWIX
  INT57                 0000fff2   00000002  00000002  00000000  RWIX
  INT58                 0000fff4   00000002  00000002  00000000  RWIX
  INT59                 0000fff6   00000002  00000002  00000000  RWIX
  INT60                 0000fff8   00000002  00000002  00000000  RWIX
  INT61                 0000fffa   00000002  00000002  00000000  RWIX
  INT62                 0000fffc   00000002  00000002  00000000  RWIX
  RESET                 0000fffe   00000002  00000002  00000000  RWIX
  FLASH2                00010000   00014400  000070dc  0000d324  RWIX


SECTION ALLOCATION MAP

 output                                  attributes/
section   page    origin      length       input sections
--------  ----  ----------  ----------   ----------------
.bss       0    00002400    0000095a     UNINITIALIZED
                  00002400    00000340     (.common:PIDGroup)
                  00002740    000002a8     (.common:NRF_Mannager)
                  000029e8    0000014c     (.common:USB_Send_Queue)
                  00002b34    00000048     mpu6050.obj (.bss:mpu_filter$1)
                  00002b7c    00000046     (.common:g_SPL06Manager)
                  00002bc2    00000030     height_control.obj (.bss)
                  00002bf2    0000002c     (.common:g_NRFManager)
                  00002c1e    00000028     SPL06.obj (.bss:spl0601)
                  00002c46    00000026     (.common:g_UAVinfo)
                  00002c6c    00000020     (.common:RC_rxData)
                  00002c8c    0000001a     (.common:g_MPUManager)
                  00002ca6    00000016     (.common:Remote)
                  00002cbc    00000012     (.common:HeightInfo)
                  00002cce    00000010     height_control.obj (.bss:exp_vel_transition)
                  00002cde    0000000c     (.common:fix_rat)
                  00002cea    0000000c     (.common:g_Attitude)
                  00002cf6    00000008     (.common:g_LedManager)
                  00002cfe    00000008     (.common:motor)
                  00002d06    00000008     (.common:wz_acc_tmp)
                  00002d0e    00000004     SPL06.obj (.bss)
                  00002d12    00000004     (.common:PIDGroup_desired_yaw_pos_tmp)
                  00002d16    00000004     (.common:alt_3)
                  00002d1a    00000004     (.common:baro_pressure)
                  00002d1e    00000004     (.common:est_wz_height)
                  00002d22    00000004     (.common:est_wz_velocity)
                  00002d26    00000004     (.common:exp_hei)
                  00002d2a    00000004     (.common:fix_wz_acceleration)
                  00002d2e    00000004     (.common:fix_wz_height)
                  00002d32    00000004     (.common:fix_wz_velocity)
                  00002d36    00000004     (.common:height)
                  00002d3a    00000004     (.common:obs_wz_height_ref)
                  00002d3e    00000004     (.common:obs_wz_velocity_ref)
                  00002d42    00000004     (.common:temperature)
                  00002d46    00000004     (.common:vecxZ)
                  00002d4a    00000004     (.common:vecyZ)
                  00002d4e    00000004     (.common:veczZ)
                  00002d52    00000002     (.common:wz_fus_sta)
                  00002d54    00000001     (.common:PID_select)
                  00002d55    00000001     (.common:Thread_10MS)
                  00002d56    00000001     (.common:Thread_20MS)
                  00002d57    00000001     (.common:Thread_3MS)
                  00002d58    00000001     (.common:Thread_8MS)
                  00002d59    00000001     (.common:g_FMUflg)

.data      0    00002d5a    0000020c     UNINITIALIZED
                  00002d5a    00000198     UART.obj (.data:Usart2)
                  00002ef2    00000018     board.obj (.data)
                  00002f0a    00000010     imu.obj (.data:NumQ)
                  00002f1a    0000000c     imu.obj (.data:GyroIntegError$1)
                  00002f26    00000008     ucs.obj (.data)
                  00002f2e    00000006     control.obj (.data)
                  00002f34    00000006     gcs.obj (.data)
                  00002f3a    00000006     height_control.obj (.data)
                  00002f40    00000006     speed_estimator.obj (.data)
                  00002f46    00000005     communication.obj (.data:RX_ADDRESS)
                  00002f4b    00000001     LED.obj (.data)
                  00002f4c    00000005     communication.obj (.data:TX_ADDRESS)
                  00002f51    00000001     i2c.obj (.data)
                  00002f52    00000004     UART.obj (.data)
                  00002f56    00000004     kernel.obj (.data)
                  00002f5a    00000004     mpu6050.obj (.data)
                  00002f5e    00000002     communication.obj (.data)
                  00002f60    00000002     nrf24l01.obj (.data)
                  00002f62    00000002     remote.obj (.data)
                  00002f64    00000002     rts430x_lc_rd_eabi.lib : errno.c.obj (.data)

.stack     0    00004360    000000a0     UNINITIALIZED
                  00004360    00000004     rts430x_lc_rd_eabi.lib : boot.c.obj (.stack)
                  00004364    0000009c     --HOLE--

.text:_isr 
*          0    00004400    0000011e     
                  00004400    00000084     kernel.obj (.text:_isr:TIMER0_B0_ISR)
                  00004484    00000076     UART.obj (.text:_isr:USCI_A1_ISR)
                  000044fa    0000001c     rts430x_lc_rd_eabi.lib : boot.c.obj (.text:_isr:_c_int00_noargs)
                  00004516    00000008                            : isr_trap.asm.obj (.text:_isr:__TI_ISR_TRAP)

.cinit     0    00004616    00000048     
                  00004616    00000026     (.cinit..data.load) [load image, compression = lzss]
                  0000463c    0000000c     (__TI_handler_table)
                  00004648    00000006     (.cinit..bss.load) [load image, compression = zero_init]
                  0000464e    00000010     (__TI_cinit_table)

.binit     0    00004400    00000000     

.init_array 
*          0    00004400    00000000     UNINITIALIZED

.const     0    0000451e    000000f7     
                  0000451e    00000040     MSPMATHLIB_CCS_msp430_5xx_6xx_FRxx_large_code_restricted_data.lib : msp430_tables.o (.const:msp430_recip_lookup)
                  0000455e    00000028                                                                       : msp430_tables.o (.const:msp430_atan_coeffs3)
                  00004586    00000024                                                                       : msp430_tables.o (.const:msp430_atan_coeffs2)
                  000045aa    0000001c     gpio.obj (.const:GPIO_PORT_TO_BASE)
                  000045c6    00000018     MSPMATHLIB_CCS_msp430_5xx_6xx_FRxx_large_code_restricted_data.lib : msp430_tables.o (.const:msp430_atan_coeffs1)
                  000045de    00000018     myMath.obj (.const)
                  000045f6    0000000c     motor.obj (.const:$P$T0$1)
                  00004602    00000008     imu.obj (.const)
                  0000460a    00000005     communication.obj (.const:.string:$P$T0$1)
                  0000460f    00000001     --HOLE-- [fill = 0]
                  00004610    00000005     nrf24l01.obj (.const:.string:$P$T0$1)

RTC        0    0000ffd2    00000002     
                  0000ffd2    00000002     rts430x_lc_rd_eabi.lib : int41.asm.obj (.int41)

PORT2      0    0000ffd4    00000002     
                  0000ffd4    00000002     rts430x_lc_rd_eabi.lib : int42.asm.obj (.int42)

TIMER2_A1 
*          0    0000ffd6    00000002     
                  0000ffd6    00000002     rts430x_lc_rd_eabi.lib : int43.asm.obj (.int43)

TIMER2_A0 
*          0    0000ffd8    00000002     
                  0000ffd8    00000002     rts430x_lc_rd_eabi.lib : int44.asm.obj (.int44)

USCI_B1    0    0000ffda    00000002     
                  0000ffda    00000002     rts430x_lc_rd_eabi.lib : int45.asm.obj (.int45)

USCI_A1    0    0000ffdc    00000002     
                  0000ffdc    00000002     UART.obj (.int46)

PORT1      0    0000ffde    00000002     
                  0000ffde    00000002     rts430x_lc_rd_eabi.lib : int47.asm.obj (.int47)

TIMER1_A1 
*          0    0000ffe0    00000002     
                  0000ffe0    00000002     rts430x_lc_rd_eabi.lib : int48.asm.obj (.int48)

TIMER1_A0 
*          0    0000ffe2    00000002     
                  0000ffe2    00000002     rts430x_lc_rd_eabi.lib : int49.asm.obj (.int49)

DMA        0    0000ffe4    00000002     
                  0000ffe4    00000002     rts430x_lc_rd_eabi.lib : int50.asm.obj (.int50)

USB_UBM    0    0000ffe6    00000002     
                  0000ffe6    00000002     rts430x_lc_rd_eabi.lib : int51.asm.obj (.int51)

TIMER0_A1 
*          0    0000ffe8    00000002     
                  0000ffe8    00000002     rts430x_lc_rd_eabi.lib : int52.asm.obj (.int52)

TIMER0_A0 
*          0    0000ffea    00000002     
                  0000ffea    00000002     rts430x_lc_rd_eabi.lib : int53.asm.obj (.int53)

ADC12      0    0000ffec    00000002     
                  0000ffec    00000002     rts430x_lc_rd_eabi.lib : int54.asm.obj (.int54)

USCI_B0    0    0000ffee    00000002     
                  0000ffee    00000002     rts430x_lc_rd_eabi.lib : int55.asm.obj (.int55)

USCI_A0    0    0000fff0    00000002     
                  0000fff0    00000002     rts430x_lc_rd_eabi.lib : int56.asm.obj (.int56)

WDT        0    0000fff2    00000002     
                  0000fff2    00000002     rts430x_lc_rd_eabi.lib : int57.asm.obj (.int57)

TIMER0_B1 
*          0    0000fff4    00000002     
                  0000fff4    00000002     rts430x_lc_rd_eabi.lib : int58.asm.obj (.int58)

TIMER0_B0 
*          0    0000fff6    00000002     
                  0000fff6    00000002     kernel.obj (.int59)

COMP_B     0    0000fff8    00000002     
                  0000fff8    00000002     rts430x_lc_rd_eabi.lib : int60.asm.obj (.int60)

UNMI       0    0000fffa    00000002     
                  0000fffa    00000002     rts430x_lc_rd_eabi.lib : int61.asm.obj (.int61)

SYSNMI     0    0000fffc    00000002     
                  0000fffc    00000002     rts430x_lc_rd_eabi.lib : int62.asm.obj (.int62)

.reset     0    0000fffe    00000002     
                  0000fffe    00000002     rts430x_lc_rd_eabi.lib : boot.c.obj (.reset)

.text      0    00010000    000070dc     
                  00010000    0000086a     imu.obj (.text:ATT_Update)
                  0001086a    00000602     rts430x_lc_rd_eabi.lib : e_asin.c.obj (.text:asin)
                  00010e6c    00000598     MSPMATHLIB_CCS_msp430_5xx_6xx_FRxx_large_code_restricted_data.lib : msp430_atan2.o (.text:atan2f)
                  00011404    00000466     rts430x_lc_rd_eabi.lib : frcdivd.c.obj (.text:__TI_frcdivd)
                  0001186a    00000436     height_control.obj (.text:ALT_Ctrl)
                  00011ca0    000002e0     rts430x_lc_rd_eabi.lib : addd.c.obj (.text:__mspabi_addd)
                  00011f80    000002de                            : e_sqrt.c.obj (.text:sqrt)
                  0001225e    00000284     control.obj (.text:MotorControl)
                  000124e2    00000280     rts430x_lc_rd_eabi.lib : frcmpyd.c.obj (.text:__TI_frcmpyd)
                  00012762    00000274     imu.obj (.text:GetAngle)
                  000129d6    00000266     rts430x_lc_rd_eabi.lib : mpyd.c.obj (.text:__mspabi_mpyd)
                  00012c3c    0000025a     pid.obj (.text:UpdatePID)
                  00012e96    00000248     rts430x_lc_rd_eabi.lib : frcaddd.c.obj (.text:__TI_frcaddd)
                  000130de    00000222                            : divd.c.obj (.text:__mspabi_divd)
                  00013300    00000220     SPL06.obj (.text:spl0601_get_calib_param)
                  00013520    000001ec     speed_estimator.obj (.text:WZ_Fix_Calcu)
                  0001370c    000001ac     control.obj (.text:FlightPidControl)
                  000138b8    000001aa     nrf24l01.obj (.text:NRF24L01Init)
                  00013a62    000001aa     remote.obj (.text:RCReceiveHandle)
                  00013c0c    0000018c     mpu6050.obj (.text:GetMPU6050Offset)
                  00013d98    00000184     SPL06.obj (.text:spl0601_get_pressure)
                  00013f1c    00000152     remote.obj (.text:AnalyRC)
                  0001406e    00000146     SPL06.obj (.text:spl0601_rateset)
                  000141b4    00000138     mpu6050.obj (.text:GetMPU6050Data)
                  000142ec    00000132     LED.obj (.text:PollingLED)
                  0001441e    00000132     rts430x_lc_rd_eabi.lib : fs_add.asm.obj (.text)
                  00014550    00000120     communication.obj (.text:PollingNRF)
                  00014670    00000108     ucs.obj (.text:privateUCSSourceClockFromDCO)
                  00014778    00000100     UART.obj (.text:USART_Init)
                  00014878    000000e2     ucs.obj (.text:UCS_initFLL)
                  0001495a    000000e0     pmm.obj (.text:PMM_setVCoreUp)
                  00014a3a    000000de     ucs.obj (.text:privateUCSComputeCLKFrequency)
                  00014b18    000000d8     board.obj (.text:System_Clock_Init)
                  00014bf0    000000d8     rts430x_lc_rd_eabi.lib : cmpd.c.obj (.text:__mspabi_cmpd)
                  00014cc8    000000d6     usci_a_uart.obj (.text:USCI_A_UART_init)
                  00014d9e    000000d0     MSPMATHLIB_CCS_msp430_5xx_6xx_FRxx_large_code_restricted_data.lib : msp430_common.o (.text:msp430_calc_recip)
                  00014e6e    000000c6     Init.obj (.text:PID_Init)
                  00014f34    000000c2     mpu6050.obj (.text:MPU6050Init)
                  00014ff6    000000b8     SPL06.obj (.text:Drv_Spl0601_Read)
                  000150ae    000000b8     rts430x_lc_rd_eabi.lib : fs_mpy.asm.obj (.text)
                  00015166    000000b2                            : renormd.c.obj (.text:__TI_renormd)
                  00015218    000000a6     ucs.obj (.text:UCS_initClockSignal)
                  000152be    000000a2     pmm.obj (.text:PMM_setVCoreDown)
                  00015360    000000a2     remote.obj (.text:RemoteUnlock)
                  00015402    0000009e     rts430x_lc_rd_eabi.lib : fltlid.c.obj (.text:__mspabi_fltlid)
                  000154a0    0000009a     pid.obj (.text:ResetPID)
                  0001553a    00000092     motor.obj (.text:Motor_Init)
                  000155cc    00000092     gcs.obj (.text:gcs_ReceiveHandle)
                  0001565e    00000090     rts430x_lc_rd_eabi.lib : fs_div.asm.obj (.text)
                  000156ee    0000008c     communication.obj (.text:NRF_Radio_Init)
                  0001577a    0000008c     myMath.obj (.text:Q_rsqrt)
                  00015806    0000008c     rts430x_lc_rd_eabi.lib : cvtdf.c.obj (.text:__mspabi_cvtdf)
                  00015892    0000008c     SPL06.obj (.text:spl0601_get_raw_temp)
                  0001591e    0000008a     kernel.obj (.text:PollingKernel)
                  000159a8    00000088     motor.obj (.text:UpdateMotor)
                  00015a30    00000084     SPL06.obj (.text:spl0601_get_temperature)
                  00015ab4    00000082     SPL06.obj (.text:Drv_Spl0601_Init)
                  00015b36    0000007e     rts430x_lc_rd_eabi.lib : fs_tol.asm.obj (.text)
                  00015bb4    0000007c     timer_b.obj (.text:Timer_B_initUpMode)
                  00015c30    0000007c     SPL06.obj (.text:spl0601_get_raw_pressure)
                  00015cac    00000076     i2c.obj (.text:I2C_Read_Bytes)
                  00015d22    00000076     gcs.obj (.text:UpdateToGCSLine2)
                  00015d98    00000076     rts430x_lc_rd_eabi.lib : copy_decompress_lzss.c.obj (.text:decompress:lzss:__TI_decompress_lzss)
                  00015e0e    00000074     nrf24l01.obj (.text:Check)
                  00015e82    00000072     timer_a.obj (.text:Timer_A_outputPWM)
                  00015ef4    00000070     gcs.obj (.text:PollingGCS)
                  00015f64    0000006e     nrf24l01.obj (.text:UpdateRxAddr)
                  00015fd2    0000006a     nrf24l01.obj (.text:UpdateTxAddr)
                  0001603c    0000006a     queue.obj (.text:deQueue)
                  000160a6    0000006a     queue.obj (.text:enQueue)
                  00016110    00000068     rts430x_lc_rd_eabi.lib : fs_toi.asm.obj (.text)
                  00016178    00000066                            : cvtfd.c.obj (.text:__mspabi_cvtfd)
                  000161de    00000060     flash.obj (.text:Flash_Write)
                  0001623e    00000058     rts430x_lc_rd_eabi.lib : div32u.asm.obj (.text)
                  00016296    00000054                            : autoinit.c.obj (.text:__TI_auto_init_nobinit_nopinit_hold_wdt:__TI_auto_init_nobinit_nopinit_hold_wdt)
                  000162ea    00000052     pmm.obj (.text:PMM_setVCore)
                  0001633c    0000004e     Init.obj (.text:Hardware_Init)
                  0001638a    0000004e     i2c.obj (.text:I2C_Read_Byte)
                  000163d8    0000004e     speed_estimator.obj (.text:WZ_Est_Calcu)
                  00016426    0000004a     rts430x_lc_rd_eabi.lib : fs_cmp.asm.obj (.text)
                  00016470    0000004a                            : fs_ltof.asm.obj (.text)
                  000164ba    00000046                            : fs_tou.asm.obj (.text)
                  00016500    00000044     UART.obj (.text:U2_UCA1_Send)
                  00016544    00000044     nrf24l01.obj (.text:UpdateFreq)
                  00016588    00000040     nrf24l01.obj (.text:RxPacket)
                  000165c8    00000040     gcs.obj (.text:gcs_init)
                  00016608    00000040     rts430x_lc_rd_eabi.lib : div32s.asm.obj (.text)
                  00016648    0000003e     SPL06.obj (.text:UpdateSPL06Info)
                  00016686    0000003e     rts430x_lc_rd_eabi.lib : asr32.asm.obj (.text:l_asr_const)
                  000166c4    0000003e                            : lsl32.asm.obj (.text:l_lsl_const)
                  00016702    0000003e                            : lsr32.asm.obj (.text:l_lsr_const)
                  00016740    00000038     timer.obj (.text:Timer_Init)
                  00016778    00000038     ucs.obj (.text:UCS_turnOnLFXT1)
                  000167b0    00000038     delay.obj (.text:delay_ms)
                  000167e8    00000036     i2c.obj (.text:I2C_Write_Byte)
                  0001681e    00000036     ucs.obj (.text:UCS_initFLLSettle)
                  00016854    00000036     rts430x_lc_rd_eabi.lib : fs_itof.asm.obj (.text)
                  0001688a    00000034     gpio.obj (.text:GPIO_setAsInputPin)
                  000168be    00000034     ucs.obj (.text:UCS_turnOnXT2)
                  000168f2    00000032     i2c.obj (.text:IIC_SendByte)
                  00016924    00000032     nrf24l01.obj (.text:NRF24L01TxPacket)
                  00016956    00000032     nrf24l01.obj (.text:ReadBuf)
                  00016988    00000032     rts430x_lc_rd_eabi.lib : subd.c.obj (.text:__mspabi_subd)
                  000169ba    00000032                            : fs_ultof.asm.obj (.text)
                  000169ec    00000030     flashctl.obj (.text:FlashCtl_write8)
                  00016a1c    00000030     spi.obj (.text:SPI_RW)
                  00016a4c    00000030     nrf24l01.obj (.text:WriteBuf)
                  00016a7c    0000002e     pid.obj (.text:ClacCascadePID)
                  00016aaa    0000002e     ZKHD_Link.obj (.text:ZKHD_Link_Handle)
                  00016ad8    0000002e     rts430x_lc_rd_eabi.lib : negd.c.obj (.text:__mspabi_negd)
                  00016b06    0000002c                            : div16s.asm.obj (.text)
                  00016b32    0000002a     i2c.obj (.text:IIC_RecvByte)
                  00016b5c    0000002a     UART.obj (.text:PollingUSART)
                  00016b86    00000028     gpio.obj (.text:GPIO_setAsOutputPin)
                  00016bae    00000028     gpio.obj (.text:GPIO_setAsPeripheralModuleFunctionInputPin)
                  00016bd6    00000028     gpio.obj (.text:GPIO_setAsPeripheralModuleFunctionOutputPin)
                  00016bfe    00000028     i2c.obj (.text:IIC_RecvACK)
                  00016c26    00000028     i2c.obj (.text:IIC_SendACK)
                  00016c4e    00000028     gcs.obj (.text:UpdateUSBQueue)
                  00016c76    00000026     rts430x_lc_rd_eabi.lib : memcmp.c.obj (.text:memcmp)
                  00016c9c    00000024     flashctl.obj (.text:FlashCtl_eraseSegment)
                  00016cc0    00000024     LED.obj (.text:LEDInit)
                  00016ce4    00000024     imu.obj (.text:ResetAttitude)
                  00016d08    00000024     rts430x_lc_rd_eabi.lib : copy_zero_init.c.obj (.text:decompress:ZI:__TI_zero_init)
                  00016d2c    00000024                            : fs_utof.asm.obj (.text)
                  00016d50    00000024                            : mult32_f5hw.asm.obj (.text)
                  00016d74    00000022     flashctl.obj (.text:FlashCtl_lockInfoA)
                  00016d96    00000020     flashctl.obj (.text:FlashCtl_performEraseCheck)
                  00016db6    00000020     wdt_a.obj (.text:WDT_A_hold)
                  00016dd6    0000001e     flashctl.obj (.text:FlashCtl_unlockInfoA)
                  00016df4    0000001e     ucs.obj (.text:UCS_getACLK)
                  00016e12    0000001e     usci_a_uart.obj (.text:USCI_A_UART_enableInterrupt)
                  00016e30    0000001e     usci_a_uart.obj (.text:USCI_A_UART_receiveData)
                  00016e4e    0000001e     speed_estimator.obj (.text:WZ_Fus_Reset)
                  00016e6c    0000001e     nrf24l01.obj (.text:WriteReg)
                  00016e8a    0000001e     main.obj (.text:main)
                  00016ea8    0000001c     gpio.obj (.text:GPIO_toggleOutputOnPin)
                  00016ec4    0000001c     communication.obj (.text:SwitchPort)
                  00016ee0    0000001a     nrf24l01.obj (.text:NRF24L01TxPacketAp)
                  00016efa    0000001a     spi.obj (.text:SPI_init)
                  00016f14    0000001a     ucs.obj (.text:UCS_getSMCLK)
                  00016f2e    00000018     rts430x_lc_rd_eabi.lib : mult16_f5hw.asm.obj (.text)
                  00016f46    00000016     i2c.obj (.text:IIC_Start)
                  00016f5c    00000016     i2c.obj (.text:IIC_Stop)
                  00016f72    00000016     ucs.obj (.text:UCS_getMCLK)
                  00016f88    00000016     rts430x_lc_rd_eabi.lib : memset.c.obj (.text:memset)
                  00016f9e    00000016                            : div16u.asm.obj (.text)
                  00016fb4    00000014     nrf24l01.obj (.text:ReadReg)
                  00016fc8    00000014     rts430x_lc_rd_eabi.lib : memcpy.c.obj (.text:memcpy)
                  00016fdc    00000012     nrf24l01.obj (.text:TxPacket)
                  00016fee    00000012     ucs.obj (.text:UCS_setExternalClockSource)
                  00017000    00000012     rts430x_lc_rd_eabi.lib : copy_decompress_none.c.obj (.text:decompress:none:__TI_decompress_none)
                  00017012    00000010                            : asr32.asm.obj (.text:l_asr)
                  00017022    00000010                            : lsl32.asm.obj (.text:l_lsl)
                  00017032    00000010                            : lsr32.asm.obj (.text:l_lsr)
                  00017042    0000000e     SPL06.obj (.text:ResetAlt)
                  00017050    0000000e     SPL06.obj (.text:spl0601_write)
                  0001705e    0000000c     timer_a.obj (.text:Timer_A_setCompareValue)
                  0001706a    0000000c     usci_a_uart.obj (.text:USCI_A_UART_clearInterrupt)
                  00017076    0000000c     rts430x_lc_rd_eabi.lib : fltid.c.obj (.text:__mspabi_fltid)
                  00017082    0000000c     SPL06.obj (.text:spl0601_read)
                  0001708e    0000000c     SPL06.obj (.text:spl0601_start_continuous)
                  0001709a    0000000a     usci_a_uart.obj (.text:USCI_A_UART_getInterruptStatus)
                  000170a4    0000000a     rts430x_lc_rd_eabi.lib : fs_neg.asm.obj (.text)
                  000170ae    0000000a                            : lsl16.asm.obj (.text)
                  000170b8    00000006     i2c.obj (.text:I2C_Init)
                  000170be    00000006     timer_b.obj (.text:Timer_B_clearTimerInterrupt)
                  000170c4    00000006     ucs.obj (.text:UCS_turnOnSMCLK)
                  000170ca    00000006     usci_a_uart.obj (.text:USCI_A_UART_enable)
                  000170d0    00000006     rts430x_lc_rd_eabi.lib : exit.c.obj (.text:abort)
                  000170d6    00000004                            : pre_init.c.obj (.text:_system_pre_init)
                  000170da    00000002                            : startup.c.obj (.text:_system_post_cinit)

MODULE SUMMARY

       Module                       code    ro data   rw data
       ------                       ----    -------   -------
    .\
       main.obj                     30      0         0      
    +--+----------------------------+-------+---------+---------+
       Total:                       30      0         0      
                                                             
    .\Communication\
       communication.obj            456     5         692    
       ZKHD_Link.obj                46      0         0      
    +--+----------------------------+-------+---------+---------+
       Total:                       502     5         692    
                                                             
    .\Control\
       height_control.obj           1078    0         92     
       control.obj                  1072    0         19     
       remote.obj                   926     0         56     
       speed_estimator.obj          600     0         48     
       Init.obj                     276     0         332    
       kernel.obj                   270     2         8      
    +--+----------------------------+-------+---------+---------+
       Total:                       4222    2         555    
                                                             
    .\DataBase\
       queue.obj                    212     0         0      
    +--+----------------------------+-------+---------+---------+
       Total:                       212     0         0      
                                                             
    .\GCS\
       gcs.obj                      480     0         45     
    +--+----------------------------+-------+---------+---------+
       Total:                       480     0         45     
                                                             
    .\HardWare\
       SPL06.obj                    2082    0         130    
       nrf24l01.obj                 1132    5         46     
       mpu6050.obj                  902     0         102    
       LED.obj                      342     0         9      
       motor.obj                    282     12        0      
    +--+----------------------------+-------+---------+---------+
       Total:                       4740    17        287    
                                                             
    .\MATH\
       imu.obj                      2818    8         60     
       pid.obj                      802     0         832    
       myMath.obj                   140     24        0      
    +--+----------------------------+-------+---------+---------+
       Total:                       3760    32        892    
                                                             
    .\MidWare\
       UART.obj                     484     2         412    
       i2c.obj                      472     0         1      
       board.obj                    216     0         24     
       flash.obj                    96      0         0      
       spi.obj                      74      0         0      
       delay.obj                    56      0         0      
       timer.obj                    56      0         0      
    +--+----------------------------+-------+---------+---------+
       Total:                       1454    2         437    
                                                             
    .\driverlib\
       ucs.obj                      1142    0         8      
       pmm.obj                      468     0         0      
       usci_a_uart.obj              302     0         0      
       gpio.obj                     200     28        0      
       flashctl.obj                 180     0         0      
       timer_b.obj                  130     0         0      
       timer_a.obj                  126     0         0      
       wdt_a.obj                    32      0         0      
    +--+----------------------------+-------+---------+---------+
       Total:                       2580    28        8      
                                                             
    C:\ti\ccsv8\ccs_base\msp430\lib\5xx_6xx_FRxx\MSPMATHLIB_CCS_msp430_5xx_6xx_FRxx_large_code_restricted_data.lib
       msp430_atan2.o               1432    0         0      
       msp430_common.o              208     0         0      
       msp430_tables.o              0       164       0      
    +--+----------------------------+-------+---------+---------+
       Total:                       1640    164       0      
                                                             
    C:\ti\ccsv8\tools\compiler\ti-cgt-msp430_18.1.4.LTS\lib\rts430x_lc_rd_eabi.lib
       e_asin.c.obj                 1538    0         0      
       frcdivd.c.obj                1126    0         0      
       addd.c.obj                   736     0         0      
       e_sqrt.c.obj                 734     0         0      
       frcmpyd.c.obj                640     0         0      
       mpyd.c.obj                   614     0         0      
       frcaddd.c.obj                584     0         0      
       divd.c.obj                   546     0         0      
       fs_add.asm.obj               306     0         0      
       cmpd.c.obj                   216     0         0      
       fs_mpy.asm.obj               184     0         0      
       renormd.c.obj                178     0         0      
       fltlid.c.obj                 158     0         0      
       fs_div.asm.obj               144     0         0      
       cvtdf.c.obj                  140     0         0      
       fs_tol.asm.obj               126     0         0      
       copy_decompress_lzss.c.obj   118     0         0      
       fs_toi.asm.obj               104     0         0      
       cvtfd.c.obj                  102     0         0      
       div32u.asm.obj               88      0         0      
       autoinit.c.obj               84      0         0      
       asr32.asm.obj                78      0         0      
       lsl32.asm.obj                78      0         0      
       lsr32.asm.obj                78      0         0      
       fs_cmp.asm.obj               74      0         0      
       fs_ltof.asm.obj              74      0         0      
       fs_tou.asm.obj               70      0         0      
       div32s.asm.obj               64      0         0      
       fs_itof.asm.obj              54      0         0      
       fs_ultof.asm.obj             50      0         0      
       subd.c.obj                   50      0         0      
       negd.c.obj                   46      0         0      
       div16s.asm.obj               44      0         0      
       memcmp.c.obj                 38      0         0      
       copy_zero_init.c.obj         36      0         0      
       fs_utof.asm.obj              36      0         0      
       mult32_f5hw.asm.obj          36      0         0      
       boot.c.obj                   28      2         0      
       mult16_f5hw.asm.obj          24      0         0      
       div16u.asm.obj               22      0         0      
       memset.c.obj                 22      0         0      
       memcpy.c.obj                 20      0         0      
       copy_decompress_none.c.obj   18      0         0      
       fltid.c.obj                  12      0         0      
       fs_neg.asm.obj               10      0         0      
       lsl16.asm.obj                10      0         0      
       isr_trap.asm.obj             8       0         0      
       exit.c.obj                   6       0         0      
       pre_init.c.obj               4       0         0      
       errno.c.obj                  0       0         2      
       int41.asm.obj                0       2         0      
       int42.asm.obj                0       2         0      
       int43.asm.obj                0       2         0      
       int44.asm.obj                0       2         0      
       int45.asm.obj                0       2         0      
       int47.asm.obj                0       2         0      
       int48.asm.obj                0       2         0      
       int49.asm.obj                0       2         0      
       int50.asm.obj                0       2         0      
       int51.asm.obj                0       2         0      
       int52.asm.obj                0       2         0      
       int53.asm.obj                0       2         0      
       int54.asm.obj                0       2         0      
       int55.asm.obj                0       2         0      
       int56.asm.obj                0       2         0      
       int57.asm.obj                0       2         0      
       int58.asm.obj                0       2         0      
       int60.asm.obj                0       2         0      
       int61.asm.obj                0       2         0      
       int62.asm.obj                0       2         0      
       startup.c.obj                2       0         0      
    +--+----------------------------+-------+---------+---------+
       Total:                       9558    42        2      
                                                             
       Stack:                       0       0         160    
       Linker Generated:            0       72        0      
    +--+----------------------------+-------+---------+---------+
       Grand Total:                 29178   364       3078   


LINKER GENERATED COPY TABLES

__TI_cinit_table @ 0000464e records: 2, size/record: 8, table size: 16
	.data: load addr=00004616, load size=00000026 bytes, run addr=00002d5a, run size=0000020c bytes, compression=lzss
	.bss: load addr=00004648, load size=00000006 bytes, run addr=00002400, run size=0000095a bytes, compression=zero_init


LINKER GENERATED HANDLER TABLE

__TI_handler_table @ 0000463c records: 3, size/record: 4, table size: 12
	index: 0, handler: __TI_zero_init
	index: 1, handler: __TI_decompress_lzss
	index: 2, handler: __TI_decompress_none


GLOBAL SYMBOLS: SORTED ALPHABETICALLY BY Name 

address   name                                       
-------   ----                                       
00000700  ADC12CTL0                                  
00000701  ADC12CTL0_H                                
00000700  ADC12CTL0_L                                
00000702  ADC12CTL1                                  
00000703  ADC12CTL1_H                                
00000702  ADC12CTL1_L                                
00000704  ADC12CTL2                                  
00000705  ADC12CTL2_H                                
00000704  ADC12CTL2_L                                
0000070c  ADC12IE                                    
0000070d  ADC12IE_H                                  
0000070c  ADC12IE_L                                  
0000070a  ADC12IFG                                   
0000070b  ADC12IFG_H                                 
0000070a  ADC12IFG_L                                 
0000070e  ADC12IV                                    
0000070f  ADC12IV_H                                  
0000070e  ADC12IV_L                                  
00000710  ADC12MCTL0                                 
00000711  ADC12MCTL1                                 
0000071a  ADC12MCTL10                                
0000071b  ADC12MCTL11                                
0000071c  ADC12MCTL12                                
0000071d  ADC12MCTL13                                
0000071e  ADC12MCTL14                                
0000071f  ADC12MCTL15                                
00000712  ADC12MCTL2                                 
00000713  ADC12MCTL3                                 
00000714  ADC12MCTL4                                 
00000715  ADC12MCTL5                                 
00000716  ADC12MCTL6                                 
00000717  ADC12MCTL7                                 
00000718  ADC12MCTL8                                 
00000719  ADC12MCTL9                                 
00000720  ADC12MEM0                                  
00000721  ADC12MEM0_H                                
00000720  ADC12MEM0_L                                
00000722  ADC12MEM1                                  
00000734  ADC12MEM10                                 
00000735  ADC12MEM10_H                               
00000734  ADC12MEM10_L                               
00000736  ADC12MEM11                                 
00000737  ADC12MEM11_H                               
00000736  ADC12MEM11_L                               
00000738  ADC12MEM12                                 
00000739  ADC12MEM12_H                               
00000738  ADC12MEM12_L                               
0000073a  ADC12MEM13                                 
0000073b  ADC12MEM13_H                               
0000073a  ADC12MEM13_L                               
0000073c  ADC12MEM14                                 
0000073d  ADC12MEM14_H                               
0000073c  ADC12MEM14_L                               
0000073e  ADC12MEM15                                 
0000073f  ADC12MEM15_H                               
0000073e  ADC12MEM15_L                               
00000723  ADC12MEM1_H                                
00000722  ADC12MEM1_L                                
00000724  ADC12MEM2                                  
00000725  ADC12MEM2_H                                
00000724  ADC12MEM2_L                                
00000726  ADC12MEM3                                  
00000727  ADC12MEM3_H                                
00000726  ADC12MEM3_L                                
00000728  ADC12MEM4                                  
00000729  ADC12MEM4_H                                
00000728  ADC12MEM4_L                                
0000072a  ADC12MEM5                                  
0000072b  ADC12MEM5_H                                
0000072a  ADC12MEM5_L                                
0000072c  ADC12MEM6                                  
0000072d  ADC12MEM6_H                                
0000072c  ADC12MEM6_L                                
0000072e  ADC12MEM7                                  
0000072f  ADC12MEM7_H                                
0000072e  ADC12MEM7_L                                
00000730  ADC12MEM8                                  
00000731  ADC12MEM8_H                                
00000730  ADC12MEM8_L                                
00000732  ADC12MEM9                                  
00000733  ADC12MEM9_H                                
00000732  ADC12MEM9_L                                
0001186a  ALT_Ctrl                                   
00010000  ATT_Update                                 
00002f3e  Acc_Enable_Flag                            
00002f51  Ack_Count                                  
00013f1c  AnalyRC                                    
000045e6  AtR                                        
000170d0  C$$EXIT                                    
000008c0  CBCTL0                                     
000008c1  CBCTL0_H                                   
000008c0  CBCTL0_L                                   
000008c2  CBCTL1                                     
000008c3  CBCTL1_H                                   
000008c2  CBCTL1_L                                   
000008c4  CBCTL2                                     
000008c5  CBCTL2_H                                   
000008c4  CBCTL2_L                                   
000008c6  CBCTL3                                     
000008c7  CBCTL3_H                                   
000008c6  CBCTL3_L                                   
000008cc  CBINT                                      
000008cd  CBINT_H                                    
000008cc  CBINT_L                                    
000008ce  CBIV                                       
00000150  CRCDI                                      
00000152  CRCDIRB                                    
00000153  CRCDIRB_H                                  
00000152  CRCDIRB_L                                  
00000151  CRCDI_H                                    
00000150  CRCDI_L                                    
00000154  CRCINIRES                                  
00000155  CRCINIRES_H                                
00000154  CRCINIRES_L                                
00000156  CRCRESR                                    
00000157  CRCRESR_H                                  
00000156  CRCRESR_L                                  
00015e0e  Check                                      
00016a7c  ClacCascadePID                             
00002ef2  Clk_ACLK                                   
00002f02  Clk_MCLK                                   
00002efa  Clk_SMCLK                                  
00000510  DMA0CTL                                    
00000511  DMA0CTL_H                                  
00000510  DMA0CTL_L                                  
00000516  DMA0DA                                     
00000518  DMA0DAH                                    
00000516  DMA0DAL                                    
00000512  DMA0SA                                     
00000514  DMA0SAH                                    
00000512  DMA0SAL                                    
0000051a  DMA0SZ                                     
00000520  DMA1CTL                                    
00000521  DMA1CTL_H                                  
00000520  DMA1CTL_L                                  
00000526  DMA1DA                                     
00000528  DMA1DAH                                    
00000526  DMA1DAL                                    
00000522  DMA1SA                                     
00000524  DMA1SAH                                    
00000522  DMA1SAL                                    
0000052a  DMA1SZ                                     
00000530  DMA2CTL                                    
00000531  DMA2CTL_H                                  
00000530  DMA2CTL_L                                  
00000536  DMA2DA                                     
00000538  DMA2DAH                                    
00000536  DMA2DAL                                    
00000532  DMA2SA                                     
00000534  DMA2SAH                                    
00000532  DMA2SAL                                    
0000053a  DMA2SZ                                     
00000500  DMACTL0                                    
00000501  DMACTL0_H                                  
00000500  DMACTL0_L                                  
00000502  DMACTL1                                    
00000503  DMACTL1_H                                  
00000502  DMACTL1_L                                  
00000504  DMACTL2                                    
00000505  DMACTL2_H                                  
00000504  DMACTL2_L                                  
00000506  DMACTL3                                    
00000507  DMACTL3_H                                  
00000506  DMACTL3_L                                  
00000508  DMACTL4                                    
00000509  DMACTL4_H                                  
00000508  DMACTL4_L                                  
0000050e  DMAIV                                      
0000050f  DMAIV_H                                    
0000050e  DMAIV_L                                    
00015ab4  Drv_Spl0601_Init                           
00014ff6  Drv_Spl0601_Read                           
00000140  FCTL1                                      
00000141  FCTL1_H                                    
00000140  FCTL1_L                                    
00000144  FCTL3                                      
00000145  FCTL3_H                                    
00000144  FCTL3_L                                    
00000146  FCTL4                                      
00000147  FCTL4_H                                    
00000146  FCTL4_L                                    
00016c9c  FlashCtl_eraseSegment                      
00016d74  FlashCtl_lockInfoA                         
00016d96  FlashCtl_performEraseCheck                 
00016dd6  FlashCtl_unlockInfoA                       
000169ec  FlashCtl_write8                            
000161de  Flash_Write                                
0001370c  FlightPidControl                           
0001688a  GPIO_setAsInputPin                         
00016b86  GPIO_setAsOutputPin                        
00016bae  GPIO_setAsPeripheralModuleFunctionInputPin 
00016bd6  GPIO_setAsPeripheralModuleFunctionOutputPin
00016ea8  GPIO_toggleOutputOnPin                     
00012762  GetAngle                                   
000141b4  GetMPU6050Data                             
00013c0c  GetMPU6050Offset                           
000045ea  Gyro_G                                     
000045ee  Gyro_Gr                                    
0001633c  Hardware_Init                              
00002cbc  HeightInfo                                 
000170b8  I2C_Init                                   
0001638a  I2C_Read_Byte                              
00015cac  I2C_Read_Bytes                             
000167e8  I2C_Write_Byte                             
00016bfe  IIC_RecvACK                                
00016b32  IIC_RecvByte                               
00016c26  IIC_SendACK                                
000168f2  IIC_SendByte                               
00016f46  IIC_Start                                  
00016f5c  IIC_Stop                                   
00016cc0  LEDInit                                    
000004c4  MAC                                        
000004da  MAC32H                                     
000004db  MAC32H_H                                   
000004da  MAC32H_L                                   
000004d8  MAC32L                                     
000004d9  MAC32L_H                                   
000004d8  MAC32L_L                                   
000004c6  MACS                                       
000004de  MACS32H                                    
000004df  MACS32H_H                                  
000004de  MACS32H_L                                  
000004dc  MACS32L                                    
000004dd  MACS32L_H                                  
000004dc  MACS32L_L                                  
000004c7  MACS_H                                     
000004c6  MACS_L                                     
000004c5  MAC_H                                      
000004c4  MAC_L                                      
00014f34  MPU6050Init                                
000004c0  MPY                                        
000004ec  MPY32CTL0                                  
000004ed  MPY32CTL0_H                                
000004ec  MPY32CTL0_L                                
000004d2  MPY32H                                     
000004d3  MPY32H_H                                   
000004d2  MPY32H_L                                   
000004d0  MPY32L                                     
000004d1  MPY32L_H                                   
000004d0  MPY32L_L                                   
000004c2  MPYS                                       
000004d6  MPYS32H                                    
000004d7  MPYS32H_H                                  
000004d6  MPYS32H_L                                  
000004d4  MPYS32L                                    
000004d5  MPYS32L_H                                  
000004d4  MPYS32L_L                                  
000004c3  MPYS_H                                     
000004c2  MPYS_L                                     
000004c1  MPY_H                                      
000004c0  MPY_L                                      
000045de  M_PI1                                      
0001225e  MotorControl                               
0001553a  Motor_Init                                 
000138b8  NRF24L01Init                               
00016924  NRF24L01TxPacket                           
00016ee0  NRF24L01TxPacketAp                         
00002740  NRF_Mannager                               
000156ee  NRF_Radio_Init                             
000004c8  OP2                                        
000004e2  OP2H                                       
000004e3  OP2H_H                                     
000004e2  OP2H_L                                     
000004e0  OP2L                                       
000004e1  OP2L_H                                     
000004e0  OP2L_L                                     
000004c9  OP2_H                                      
000004c8  OP2_L                                      
0000020e  P1IV                                       
0000021e  P2IV                                       
000001e0  P4MAP01                                    
000001e1  P4MAP01_H                                  
000001e0  P4MAP01_L                                  
000001e2  P4MAP23                                    
000001e3  P4MAP23_H                                  
000001e2  P4MAP23_L                                  
000001e4  P4MAP45                                    
000001e5  P4MAP45_H                                  
000001e4  P4MAP45_L                                  
000001e6  P4MAP67                                    
000001e7  P4MAP67_H                                  
000001e6  P4MAP67_L                                  
00000204  PADIR                                      
00000205  PADIR_H                                    
00000204  PADIR_L                                    
00000208  PADS                                       
00000209  PADS_H                                     
00000208  PADS_L                                     
0000021a  PAIE                                       
00000218  PAIES                                      
00000219  PAIES_H                                    
00000218  PAIES_L                                    
0000021b  PAIE_H                                     
0000021a  PAIE_L                                     
0000021c  PAIFG                                      
0000021d  PAIFG_H                                    
0000021c  PAIFG_L                                    
00000200  PAIN                                       
00000201  PAIN_H                                     
00000200  PAIN_L                                     
00000202  PAOUT                                      
00000203  PAOUT_H                                    
00000202  PAOUT_L                                    
00000206  PAREN                                      
00000207  PAREN_H                                    
00000206  PAREN_L                                    
0000020a  PASEL                                      
0000020b  PASEL_H                                    
0000020a  PASEL_L                                    
00000224  PBDIR                                      
00000225  PBDIR_H                                    
00000224  PBDIR_L                                    
00000228  PBDS                                       
00000229  PBDS_H                                     
00000228  PBDS_L                                     
00000220  PBIN                                       
00000221  PBIN_H                                     
00000220  PBIN_L                                     
00000222  PBOUT                                      
00000223  PBOUT_H                                    
00000222  PBOUT_L                                    
00000226  PBREN                                      
00000227  PBREN_H                                    
00000226  PBREN_L                                    
0000022a  PBSEL                                      
0000022b  PBSEL_H                                    
0000022a  PBSEL_L                                    
00000244  PCDIR                                      
00000245  PCDIR_H                                    
00000244  PCDIR_L                                    
00000248  PCDS                                       
00000249  PCDS_H                                     
00000248  PCDS_L                                     
00000240  PCIN                                       
00000241  PCIN_H                                     
00000240  PCIN_L                                     
00000242  PCOUT                                      
00000243  PCOUT_H                                    
00000242  PCOUT_L                                    
00000246  PCREN                                      
00000247  PCREN_H                                    
00000246  PCREN_L                                    
0000024a  PCSEL                                      
0000024b  PCSEL_H                                    
0000024a  PCSEL_L                                    
00000264  PDDIR                                      
00000265  PDDIR_H                                    
00000264  PDDIR_L                                    
00000268  PDDS                                       
00000269  PDDS_H                                     
00000268  PDDS_L                                     
00000260  PDIN                                       
00000261  PDIN_H                                     
00000260  PDIN_L                                     
00000262  PDOUT                                      
00000263  PDOUT_H                                    
00000262  PDOUT_L                                    
00000266  PDREN                                      
00000267  PDREN_H                                    
00000266  PDREN_L                                    
0000026a  PDSEL                                      
0000026b  PDSEL_H                                    
0000026a  PDSEL_L                                    
00002400  PIDGroup                                   
00002d12  PIDGroup_desired_yaw_pos_tmp               
00014e6e  PID_Init                                   
00002d54  PID_select                                 
000045f2  PI_2                                       
00000324  PJDIR                                      
00000325  PJDIR_H                                    
00000324  PJDIR_L                                    
00000328  PJDS                                       
00000329  PJDS_H                                     
00000328  PJDS_L                                     
00000320  PJIN                                       
00000321  PJIN_H                                     
00000320  PJIN_L                                     
00000322  PJOUT                                      
00000323  PJOUT_H                                    
00000322  PJOUT_L                                    
00000326  PJREN                                      
00000327  PJREN_H                                    
00000326  PJREN_L                                    
00000130  PM5CTL0                                    
00000131  PM5CTL0_H                                  
00000130  PM5CTL0_L                                  
000001c2  PMAPCTL                                    
000001c3  PMAPCTL_H                                  
000001c2  PMAPCTL_L                                  
000001c0  PMAPKEYID                                  
000001c1  PMAPKEYID_H                                
000001c0  PMAPKEYID_L                                
00000120  PMMCTL0                                    
00000121  PMMCTL0_H                                  
00000120  PMMCTL0_L                                  
00000122  PMMCTL1                                    
00000123  PMMCTL1_H                                  
00000122  PMMCTL1_L                                  
0000012c  PMMIFG                                     
0000012d  PMMIFG_H                                   
0000012c  PMMIFG_L                                   
0000012e  PMMRIE                                     
0000012f  PMMRIE_H                                   
0000012e  PMMRIE_L                                   
000162ea  PMM_setVCore                               
000152be  PMM_setVCoreDown                           
0001495a  PMM_setVCoreUp                             
00015ef4  PollingGCS                                 
0001591e  PollingKernel                              
000142ec  PollingLED                                 
00014550  PollingNRF                                 
00016b5c  PollingUSART                               
0001577a  Q_rsqrt                                    
00000158  RCCTL0                                     
00000159  RCCTL0_H                                   
00000158  RCCTL0_L                                   
00013a62  RCReceiveHandle                            
00002c6c  RC_rxData                                  
000001b0  REFCTL0                                    
000001b1  REFCTL0_H                                  
000001b0  REFCTL0_L                                  
000004e4  RES0                                       
000004e5  RES0_H                                     
000004e4  RES0_L                                     
000004e6  RES1                                       
000004e7  RES1_H                                     
000004e6  RES1_L                                     
000004e8  RES2                                       
000004e9  RES2_H                                     
000004e8  RES2_L                                     
000004ea  RES3                                       
000004eb  RES3_H                                     
000004ea  RES3_L                                     
000004cc  RESHI                                      
000004cd  RESHI_H                                    
000004cc  RESHI_L                                    
000004ca  RESLO                                      
000004cb  RESLO_H                                    
000004ca  RESLO_L                                    
000004ba  RTCADOWDAY                                 
000004bb  RTCADOWDAY_H                               
000004ba  RTCADOWDAY_L                               
000004b8  RTCAMINHR                                  
000004b9  RTCAMINHR_H                                
000004b8  RTCAMINHR_L                                
000004a0  RTCCTL01                                   
000004a1  RTCCTL01_H                                 
000004a0  RTCCTL01_L                                 
000004a2  RTCCTL23                                   
000004a3  RTCCTL23_H                                 
000004a2  RTCCTL23_L                                 
000004b4  RTCDATE                                    
000004b5  RTCDATE_H                                  
000004b4  RTCDATE_L                                  
000004ae  RTCIV                                      
000004ac  RTCPS                                      
000004a8  RTCPS0CTL                                  
000004a9  RTCPS0CTL_H                                
000004a8  RTCPS0CTL_L                                
000004aa  RTCPS1CTL                                  
000004ab  RTCPS1CTL_H                                
000004aa  RTCPS1CTL_L                                
000004ad  RTCPS_H                                    
000004ac  RTCPS_L                                    
000004b0  RTCTIM0                                    
000004b1  RTCTIM0_H                                  
000004b0  RTCTIM0_L                                  
000004b2  RTCTIM1                                    
000004b3  RTCTIM1_H                                  
000004b2  RTCTIM1_L                                  
000004b6  RTCYEAR                                    
000004b7  RTCYEAR_H                                  
000004b6  RTCYEAR_L                                  
00002f46  RX_ADDRESS                                 
00016956  ReadBuf                                    
00016fb4  ReadReg                                    
00002ca6  Remote                                     
00015360  RemoteUnlock                               
00017042  ResetAlt                                   
00016ce4  ResetAttitude                              
000154a0  ResetPID                                   
00002f2e  ResetYawAngle                              
000045e2  RtA                                        
00016588  RxPacket                                   
00000100  SFRIE1                                     
00000101  SFRIE1_H                                   
00000100  SFRIE1_L                                   
00000102  SFRIFG1                                    
00000103  SFRIFG1_H                                  
00000102  SFRIFG1_L                                  
00000104  SFRRPCR                                    
00000105  SFRRPCR_H                                  
00000104  SFRRPCR_L                                  
00016a1c  SPI_RW                                     
00016efa  SPI_init                                   
000004ce  SUMEXT                                     
000004cf  SUMEXT_H                                   
000004ce  SUMEXT_L                                   
00000124  SVSMHCTL                                   
00000125  SVSMHCTL_H                                 
00000124  SVSMHCTL_L                                 
00000128  SVSMIO                                     
00000129  SVSMIO_H                                   
00000128  SVSMIO_L                                   
00000126  SVSMLCTL                                   
00000127  SVSMLCTL_H                                 
00000126  SVSMLCTL_L                                 
00000198  SYSBERRIV                                  
00000199  SYSBERRIV_H                                
00000198  SYSBERRIV_L                                
00000182  SYSBSLC                                    
00000183  SYSBSLC_H                                  
00000182  SYSBSLC_L                                  
00000180  SYSCTL                                     
00000181  SYSCTL_H                                   
00000180  SYSCTL_L                                   
00000186  SYSJMBC                                    
00000187  SYSJMBC_H                                  
00000186  SYSJMBC_L                                  
00000188  SYSJMBI0                                   
00000189  SYSJMBI0_H                                 
00000188  SYSJMBI0_L                                 
0000018a  SYSJMBI1                                   
0000018b  SYSJMBI1_H                                 
0000018a  SYSJMBI1_L                                 
0000018c  SYSJMBO0                                   
0000018d  SYSJMBO0_H                                 
0000018c  SYSJMBO0_L                                 
0000018e  SYSJMBO1                                   
0000018f  SYSJMBO1_H                                 
0000018e  SYSJMBO1_L                                 
0000019e  SYSRSTIV                                   
0000019f  SYSRSTIV_H                                 
0000019e  SYSRSTIV_L                                 
0000019c  SYSSNIV                                    
0000019d  SYSSNIV_H                                  
0000019c  SYSSNIV_L                                  
0000019a  SYSUNIV                                    
0000019b  SYSUNIV_H                                  
0000019a  SYSUNIV_L                                  
00016ec4  SwitchPort                                 
00014b18  System_Clock_Init                          
00000352  TA0CCR0                                    
00000354  TA0CCR1                                    
00000356  TA0CCR2                                    
00000358  TA0CCR3                                    
0000035a  TA0CCR4                                    
00000342  TA0CCTL0                                   
00000344  TA0CCTL1                                   
00000346  TA0CCTL2                                   
00000348  TA0CCTL3                                   
0000034a  TA0CCTL4                                   
00000340  TA0CTL                                     
00000360  TA0EX0                                     
0000036e  TA0IV                                      
00000350  TA0R                                       
00000392  TA1CCR0                                    
00000394  TA1CCR1                                    
00000396  TA1CCR2                                    
00000382  TA1CCTL0                                   
00000384  TA1CCTL1                                   
00000386  TA1CCTL2                                   
00000380  TA1CTL                                     
000003a0  TA1EX0                                     
000003ae  TA1IV                                      
00000390  TA1R                                       
00000412  TA2CCR0                                    
00000414  TA2CCR1                                    
00000416  TA2CCR2                                    
00000402  TA2CCTL0                                   
00000404  TA2CCTL1                                   
00000406  TA2CCTL2                                   
00000400  TA2CTL                                     
00000420  TA2EX0                                     
0000042e  TA2IV                                      
00000410  TA2R                                       
000003d2  TB0CCR0                                    
000003d4  TB0CCR1                                    
000003d6  TB0CCR2                                    
000003d8  TB0CCR3                                    
000003da  TB0CCR4                                    
000003dc  TB0CCR5                                    
000003de  TB0CCR6                                    
000003c2  TB0CCTL0                                   
000003c4  TB0CCTL1                                   
000003c6  TB0CCTL2                                   
000003c8  TB0CCTL3                                   
000003ca  TB0CCTL4                                   
000003cc  TB0CCTL5                                   
000003ce  TB0CCTL6                                   
000003c0  TB0CTL                                     
000003e0  TB0EX0                                     
000003ee  TB0IV                                      
000003d0  TB0R                                       
00004400  TIMER0_B0_ISR                              
00002f4c  TX_ADDRESS                                 
00002d55  Thread_10MS                                
00002d56  Thread_20MS                                
00002d57  Thread_3MS                                 
00002d58  Thread_8MS                                 
00002f54  TimeoutUSART                               
00015e82  Timer_A_outputPWM                          
0001705e  Timer_A_setCompareValue                    
000170be  Timer_B_clearTimerInterrupt                
00015bb4  Timer_B_initUpMode                         
00016740  Timer_Init                                 
00016fdc  TxPacket                                   
00016500  U2_UCA1_Send                               
000005d0  UCA0ABCTL                                  
000005c6  UCA0BRW                                    
000005c7  UCA0BRW_H                                  
000005c6  UCA0BRW_L                                  
000005c0  UCA0CTLW0                                  
000005c1  UCA0CTLW0_H                                
000005c0  UCA0CTLW0_L                                
000005dc  UCA0ICTL                                   
000005dd  UCA0ICTL_H                                 
000005dc  UCA0ICTL_L                                 
000005d2  UCA0IRCTL                                  
000005d3  UCA0IRCTL_H                                
000005d2  UCA0IRCTL_L                                
000005de  UCA0IV                                     
000005c8  UCA0MCTL                                   
000005cc  UCA0RXBUF                                  
000005ca  UCA0STAT                                   
000005ce  UCA0TXBUF                                  
00000610  UCA1ABCTL                                  
00000606  UCA1BRW                                    
00000607  UCA1BRW_H                                  
00000606  UCA1BRW_L                                  
00000600  UCA1CTLW0                                  
00000601  UCA1CTLW0_H                                
00000600  UCA1CTLW0_L                                
0000061c  UCA1ICTL                                   
0000061d  UCA1ICTL_H                                 
0000061c  UCA1ICTL_L                                 
00000612  UCA1IRCTL                                  
00000613  UCA1IRCTL_H                                
00000612  UCA1IRCTL_L                                
0000061e  UCA1IV                                     
00000608  UCA1MCTL                                   
0000060c  UCA1RXBUF                                  
0000060a  UCA1STAT                                   
0000060e  UCA1TXBUF                                  
000005e6  UCB0BRW                                    
000005e7  UCB0BRW_H                                  
000005e6  UCB0BRW_L                                  
000005e0  UCB0CTLW0                                  
000005e1  UCB0CTLW0_H                                
000005e0  UCB0CTLW0_L                                
000005f0  UCB0I2COA                                  
000005f1  UCB0I2COA_H                                
000005f0  UCB0I2COA_L                                
000005f2  UCB0I2CSA                                  
000005f3  UCB0I2CSA_H                                
000005f2  UCB0I2CSA_L                                
000005fc  UCB0ICTL                                   
000005fd  UCB0ICTL_H                                 
000005fc  UCB0ICTL_L                                 
000005fe  UCB0IV                                     
000005ec  UCB0RXBUF                                  
000005ea  UCB0STAT                                   
000005ee  UCB0TXBUF                                  
00000626  UCB1BRW                                    
00000627  UCB1BRW_H                                  
00000626  UCB1BRW_L                                  
00000620  UCB1CTLW0                                  
00000621  UCB1CTLW0_H                                
00000620  UCB1CTLW0_L                                
00000630  UCB1I2COA                                  
00000631  UCB1I2COA_H                                
00000630  UCB1I2COA_L                                
00000632  UCB1I2CSA                                  
00000633  UCB1I2CSA_H                                
00000632  UCB1I2CSA_L                                
0000063c  UCB1ICTL                                   
0000063d  UCB1ICTL_H                                 
0000063c  UCB1ICTL_L                                 
0000063e  UCB1IV                                     
0000062c  UCB1RXBUF                                  
0000062a  UCB1STAT                                   
0000062e  UCB1TXBUF                                  
00000160  UCSCTL0                                    
00000161  UCSCTL0_H                                  
00000160  UCSCTL0_L                                  
00000162  UCSCTL1                                    
00000163  UCSCTL1_H                                  
00000162  UCSCTL1_L                                  
00000164  UCSCTL2                                    
00000165  UCSCTL2_H                                  
00000164  UCSCTL2_L                                  
00000166  UCSCTL3                                    
00000167  UCSCTL3_H                                  
00000166  UCSCTL3_L                                  
00000168  UCSCTL4                                    
00000169  UCSCTL4_H                                  
00000168  UCSCTL4_L                                  
0000016a  UCSCTL5                                    
0000016b  UCSCTL5_H                                  
0000016a  UCSCTL5_L                                  
0000016c  UCSCTL6                                    
0000016d  UCSCTL6_H                                  
0000016c  UCSCTL6_L                                  
0000016e  UCSCTL7                                    
0000016f  UCSCTL7_H                                  
0000016e  UCSCTL7_L                                  
00000170  UCSCTL8                                    
00000171  UCSCTL8_H                                  
00000170  UCSCTL8_L                                  
00016df4  UCS_getACLK                                
00016f72  UCS_getMCLK                                
00016f14  UCS_getSMCLK                               
00015218  UCS_initClockSignal                        
00014878  UCS_initFLL                                
0001681e  UCS_initFLLSettle                          
00016fee  UCS_setExternalClockSource                 
00016778  UCS_turnOnLFXT1                            
000170c4  UCS_turnOnSMCLK                            
000168be  UCS_turnOnXT2                              
00014778  USART_Init                                 
00000902  USBCNF                                     
00000903  USBCNF_H                                   
00000902  USBCNF_L                                   
0000093c  USBCTL                                     
0000093a  USBFN                                      
0000093b  USBFN_H                                    
0000093a  USBFN_L                                    
0000093f  USBFUNADR                                  
0000093d  USBIE                                      
00002378  USBIEP0BUF                                 
000023c9  USBIEPBBAX_1                               
[...]
000023b5  USBOEPBBAY_6                               
000023b6  USBOEPBCTY_6                               
000023b7  USBOEPSIZXY_6                              
000023b8  USBOEPCNF_7                                
000023b9  USBOEPBBAX_7                               
000023ba  USBOEPBCTX_7                               
000023bd  USBOEPBBAY_7                               
000023be  USBOEPBCTY_7                               
000023bf  USBOEPSIZXY_7                              
000023c8  USBIEPCNF_1                                
000023c9  USBIEPBBAX_1                               
000023ca  USBIEPBCTX_1                               
000023cd  USBIEPBBAY_1                               
000023ce  USBIEPBCTY_1                               
000023cf  USBIEPSIZXY_1                              
000023d0  USBIEPCNF_2                                
000023d1  USBIEPBBAX_2                               
000023d2  USBIEPBCTX_2                               
000023d5  USBIEPBBAY_2                               
000023d6  USBIEPBCTY_2                               
000023d7  USBIEPSIZXY_2                              
000023d8  USBIEPCNF_3                                
000023d9  USBIEPBBAX_3                               
000023da  USBIEPBCTX_3                               
000023dd  USBIEPBBAY_3                               
000023de  USBIEPBCTY_3                               
000023df  USBIEPSIZXY_3                              
000023e0  USBIEPCNF_4                                
000023e1  USBIEPBBAX_4                               
000023e2  USBIEPBCTX_4                               
000023e5  USBIEPBBAY_4                               
000023e6  USBIEPBCTY_4                               
000023e7  USBIEPSIZXY_4                              
000023e8  USBIEPCNF_5                                
000023e9  USBIEPBBAX_5                               
000023ea  USBIEPBCTX_5                               
000023ed  USBIEPBBAY_5                               
000023ee  USBIEPBCTY_5                               
000023ef  USBIEPSIZXY_5                              
000023f0  USBIEPCNF_6                                
000023f1  USBIEPBBAX_6                               
000023f2  USBIEPBCTX_6                               
000023f5  USBIEPBBAY_6                               
000023f6  USBIEPBCTY_6                               
000023f7  USBIEPSIZXY_6                              
000023f8  USBIEPCNF_7                                
000023f9  USBIEPBBAX_7                               
000023fa  USBIEPBCTX_7                               
000023fd  USBIEPBBAY_7                               
000023fe  USBIEPBCTY_7                               
000023ff  USBIEPSIZXY_7                              
00002400  PIDGroup                                   
00002740  NRF_Mannager                               
000029e8  USB_Send_Queue                             
00002b7c  g_SPL06Manager                             
00002bf2  g_NRFManager                               
00002c46  g_UAVinfo                                  
00002c6c  RC_rxData                                  
00002c8c  g_MPUManager                               
00002ca6  Remote                                     
00002cbc  HeightInfo                                 
00002cde  fix_rat                                    
00002cea  g_Attitude                                 
00002cf6  g_LedManager                               
00002cfe  motor                                      
00002d06  wz_acc_tmp                                 
00002d12  PIDGroup_desired_yaw_pos_tmp               
00002d16  alt_3                                      
00002d1a  baro_pressure                              
00002d1e  est_wz_height                              
00002d22  est_wz_velocity                            
00002d26  exp_hei                                    
00002d2a  fix_wz_acceleration                        
00002d2e  fix_wz_height                              
00002d32  fix_wz_velocity                            
00002d36  height                                     
00002d3a  obs_wz_height_ref                          
00002d3e  obs_wz_velocity_ref                        
00002d42  temperature                                
00002d46  vecxZ                                      
00002d4a  vecyZ                                      
00002d4e  veczZ                                      
00002d52  wz_fus_sta                                 
00002d54  PID_select                                 
00002d55  Thread_10MS                                
00002d56  Thread_20MS                                
00002d57  Thread_3MS                                 
00002d58  Thread_8MS                                 
00002d59  g_FMUflg                                   
00002d5a  Usart2                                     
00002ef2  Clk_ACLK                                   
00002efa  Clk_SMCLK                                  
00002f02  Clk_MCLK                                   
00002f2e  ResetYawAngle                              
00002f3a  dt2                                        
00002f3e  Acc_Enable_Flag                            
00002f3f  fc_state_take_off                          
00002f46  RX_ADDRESS                                 
00002f4c  TX_ADDRESS                                 
00002f51  Ack_Count                                  
00002f52  lbUsartRx                                  
00002f54  TimeoutUSART                               
00002f5a  pMpu                                       
00002f64  errno                                      
00004360  _stack                                     
00004400  TIMER0_B0_ISR                              
00004400  __STACK_END                                
00004484  USCI_A1_ISR                                
000044fa  _c_int00_noargs                            
00004516  __TI_ISR_TRAP                              
0000451e  msp430_recip_lookup                        
0000455e  msp430_atan_coeffs3                        
00004586  msp430_atan_coeffs2                        
000045c6  msp430_atan_coeffs1                        
000045de  M_PI1                                      
000045e2  RtA                                        
000045e6  AtR                                        
000045ea  Gyro_G                                     
000045ee  Gyro_Gr                                    
000045f2  PI_2                                       
0000463c  __TI_Handler_Table_Base                    
00004648  __TI_Handler_Table_Limit                   
0000464e  __TI_CINIT_Base                            
0000465e  __TI_CINIT_Limit                           
0000ffd2  __TI_int41                                 
0000ffd4  __TI_int42                                 
0000ffd6  __TI_int43                                 
0000ffd8  __TI_int44                                 
0000ffda  __TI_int45                                 
0000ffdc  __TI_int46                                 
0000ffde  __TI_int47                                 
0000ffe0  __TI_int48                                 
0000ffe2  __TI_int49                                 
0000ffe4  __TI_int50                                 
0000ffe6  __TI_int51                                 
0000ffe8  __TI_int52                                 
0000ffea  __TI_int53                                 
0000ffec  __TI_int54                                 
0000ffee  __TI_int55                                 
0000fff0  __TI_int56                                 
0000fff2  __TI_int57                                 
0000fff4  __TI_int58                                 
0000fff6  __TI_int59                                 
0000fff8  __TI_int60                                 
0000fffa  __TI_int61                                 
0000fffc  __TI_int62                                 
0000fffe  _reset_vector                              
00010000  ATT_Update                                 
0001086a  asin                                       
0001086a  asinl                                      
00010e6c  atan2f                                     
00011404  __TI_frcdivd                               
0001186a  ALT_Ctrl                                   
00011ca0  __mspabi_addd                              
00011f80  sqrt                                       
00011f80  sqrtl                                      
0001225e  MotorControl                               
000124e2  __TI_frcmpyd                               
00012762  GetAngle                                   
000129d6  __mspabi_mpyd                              
00012c3c  UpdatePID                                  
00012e96  __TI_frcaddd                               
000130de  __mspabi_divd                              
00013300  spl0601_get_calib_param                    
00013520  WZ_Fix_Calcu                               
0001370c  FlightPidControl                           
000138b8  NRF24L01Init                               
00013a62  RCReceiveHandle                            
00013c0c  GetMPU6050Offset                           
00013d98  spl0601_get_pressure                       
00013f1c  AnalyRC                                    
0001406e  spl0601_rateset                            
000141b4  GetMPU6050Data                             
000142ec  PollingLED                                 
0001441e  __mspabi_subf                              
00014424  __mspabi_addf                              
00014550  PollingNRF                                 
00014778  USART_Init                                 
00014878  UCS_initFLL                                
0001495a  PMM_setVCoreUp                             
00014b18  System_Clock_Init                          
00014bf0  __mspabi_cmpd                              
00014cc8  USCI_A_UART_init                           
00014d9e  msp430_calc_recip                          
00014e6e  PID_Init                                   
00014f34  MPU6050Init                                
00014ff6  Drv_Spl0601_Read                           
000150ae  __mspabi_mpyf                              
00015166  __TI_renormd                               
00015218  UCS_initClockSignal                        
000152be  PMM_setVCoreDown                           
00015360  RemoteUnlock                               
00015402  __mspabi_fltlid                            
000154a0  ResetPID                                   
0001553a  Motor_Init                                 
000155cc  ZKHD_Link_GCS_To_FMU_Handle                
000155cc  gcs_ReceiveHandle                          
0001565e  __mspabi_divf                              
000156ee  NRF_Radio_Init                             
0001577a  Q_rsqrt                                    
00015806  __mspabi_cvtdf                             
00015892  spl0601_get_raw_temp                       
0001591e  PollingKernel                              
000159a8  UpdateMotor                                
00015a30  spl0601_get_temperature                    
00015ab4  Drv_Spl0601_Init                           
00015b36  __mspabi_fixfli                            
00015bb4  Timer_B_initUpMode                         
00015c30  spl0601_get_raw_pressure                   
00015cac  I2C_Read_Bytes                             
00015d22  UpdateToGCSLine2                           
00015d98  __TI_decompress_lzss                       
00015e0e  Check                                      
00015e82  Timer_A_outputPWM                          
00015ef4  PollingGCS                                 
00015f64  UpdateRxAddr                               
00015fd2  UpdateTxAddr                               
0001603c  deQueue                                    
000160a6  enQueue                                    
00016110  __mspabi_fixfi                             
00016178  __mspabi_cvtfd                             
000161de  Flash_Write                                
0001623e  __mspabi_divul                             
0001623e  __mspabi_remul                             
00016296  __TI_auto_init_nobinit_nopinit_hold_wdt    
000162ea  PMM_setVCore                               
0001633c  Hardware_Init                              
0001638a  I2C_Read_Byte                              
000163d8  WZ_Est_Calcu                               
00016426  __mspabi_cmpf                              
00016470  __mspabi_fltlif                            
000164ba  __mspabi_fixfu                             
00016500  U2_UCA1_Send                               
00016544  UpdateFreq                                 
00016588  RxPacket                                   
000165c8  gcs_init                                   
00016608  __mspabi_divli                             
00016608  __mspabi_remli                             
00016648  UpdateSPL06Info                            
00016686  __mspabi_sral_15                           
0001668a  __mspabi_sral_14                           
0001668e  __mspabi_sral_13                           
00016692  __mspabi_sral_12                           
00016696  __mspabi_sral_11                           
0001669a  __mspabi_sral_10                           
0001669e  __mspabi_sral_9                            
000166a2  __mspabi_sral_8                            
000166a6  __mspabi_sral_7                            
000166aa  __mspabi_sral_6                            
000166ae  __mspabi_sral_5                            
000166b2  __mspabi_sral_4                            
000166b6  __mspabi_sral_3                            
000166ba  __mspabi_sral_2                            
000166be  __mspabi_sral_1                            
000166c4  __mspabi_slll_15                           
000166c8  __mspabi_slll_14                           
000166cc  __mspabi_slll_13                           
000166d0  __mspabi_slll_12                           
000166d4  __mspabi_slll_11                           
000166d8  __mspabi_slll_10                           
000166dc  __mspabi_slll_9                            
000166e0  __mspabi_slll_8                            
000166e4  __mspabi_slll_7                            
000166e8  __mspabi_slll_6                            
000166ec  __mspabi_slll_5                            
000166f0  __mspabi_slll_4                            
000166f4  __mspabi_slll_3                            
000166f8  __mspabi_slll_2                            
000166fc  __mspabi_slll_1                            
00016702  __mspabi_srll_15                           
00016706  __mspabi_srll_14                           
0001670a  __mspabi_srll_13                           
0001670e  __mspabi_srll_12                           
00016712  __mspabi_srll_11                           
00016716  __mspabi_srll_10                           
0001671a  __mspabi_srll_9                            
0001671e  __mspabi_srll_8                            
00016722  __mspabi_srll_7                            
00016726  __mspabi_srll_6                            
0001672a  __mspabi_srll_5                            
0001672e  __mspabi_srll_4                            
00016732  __mspabi_srll_3                            
00016736  __mspabi_srll_2                            
0001673a  __mspabi_srll_1                            
00016740  Timer_Init                                 
00016778  UCS_turnOnLFXT1                            
000167b0  delay_ms                                   
000167e8  I2C_Write_Byte                             
0001681e  UCS_initFLLSettle                          
00016854  __mspabi_fltif                             
0001688a  GPIO_setAsInputPin                         
000168be  UCS_turnOnXT2                              
000168f2  IIC_SendByte                               
00016924  NRF24L01TxPacket                           
00016956  ReadBuf                                    
00016988  __mspabi_subd                              
000169ba  __mspabi_fltulf                            
000169ec  FlashCtl_write8                            
00016a1c  SPI_RW                                     
00016a4c  WriteBuf                                   
00016a7c  ClacCascadePID                             
00016aaa  ZKHD_Link_Handle                           
00016ad8  __mspabi_negd                              
00016b06  __mspabi_divi                              
00016b06  __mspabi_remi                              
00016b32  IIC_RecvByte                               
00016b5c  PollingUSART                               
00016b86  GPIO_setAsOutputPin                        
00016bae  GPIO_setAsPeripheralModuleFunctionInputPin 
00016bd6  GPIO_setAsPeripheralModuleFunctionOutputPin
00016bfe  IIC_RecvACK                                
00016c26  IIC_SendACK                                
00016c4e  UpdateUSBQueue                             
00016c76  memcmp                                     
00016c9c  FlashCtl_eraseSegment                      
00016cc0  LEDInit                                    
00016ce4  ResetAttitude                              
00016d08  __TI_zero_init                             
00016d2c  __mspabi_fltuf                             
00016d50  __mspabi_mpyl_f5hw                         
00016d74  FlashCtl_lockInfoA                         
00016d96  FlashCtl_performEraseCheck                 
00016db6  WDT_A_hold                                 
00016dd6  FlashCtl_unlockInfoA                       
00016df4  UCS_getACLK                                
00016e12  USCI_A_UART_enableInterrupt                
00016e30  USCI_A_UART_receiveData                    
00016e4e  WZ_Fus_Reset                               
00016e6c  WriteReg                                   
00016e8a  main                                       
00016ea8  GPIO_toggleOutputOnPin                     
00016ec4  SwitchPort                                 
00016ee0  NRF24L01TxPacketAp                         
00016efa  SPI_init                                   
00016f14  UCS_getSMCLK                               
00016f2e  __mspabi_mpyi_f5hw                         
00016f46  IIC_Start                                  
00016f5c  IIC_Stop                                   
00016f72  UCS_getMCLK                                
00016f88  memset                                     
00016f9e  __mspabi_divu                              
00016f9e  __mspabi_remu                              
00016fb4  ReadReg                                    
00016fc8  memcpy                                     
00016fdc  TxPacket                                   
00016fee  UCS_setExternalClockSource                 
00017000  __TI_decompress_none                       
00017012  __mspabi_sral                              
00017022  __mspabi_slll                              
00017032  __mspabi_srll                              
00017042  ResetAlt                                   
0001705e  Timer_A_setCompareValue                    
0001706a  USCI_A_UART_clearInterrupt                 
00017076  __mspabi_fltid                             
0001708e  spl0601_start_continuous                   
0001709a  USCI_A_UART_getInterruptStatus             
000170a4  __mspabi_negf                              
000170ae  __mspabi_slli                              
000170b8  I2C_Init                                   
000170be  Timer_B_clearTimerInterrupt                
000170c4  UCS_turnOnSMCLK                            
000170ca  USCI_A_UART_enable                         
000170d0  C$$EXIT                                    
000170d0  abort                                      
000170d6  _system_pre_init                           
000170da  _system_post_cinit                         
ffffffff  __TI_pprof_out_hndl                        
ffffffff  __TI_prof_data_size                        
ffffffff  __TI_prof_data_start                       
ffffffff  __c_args__                                 

[1068 symbols]
